43e00000 T __image_copy_start
43e00000 T _start
43e00020 t _undefined_instruction
43e00024 t _software_interrupt
43e00028 t _prefetch_abort
43e0002c t _data_abort
43e00030 t _not_used
43e00034 t _irq
43e00038 t _fiq
43e0003c t _pad
43e00040 T _TEXT_BASE
43e00040 T _end_vect
43e00044 T _bss_start_ofs
43e00048 T _image_copy_end_ofs
43e0004c T _bss_end_ofs
43e00050 T _end_ofs
43e00054 T IRQ_STACK_START_IN
43e00058 t reset
43e00080 t call_board_init_f
43e00090 T relocate_code
43e0009c t stack_setup
43e000bc t copy_loop
43e000ec t fixloop
43e00110 t fixabs
43e00124 t fixrel
43e0012c t fixnext
43e00140 t _rel_dyn_start_ofs
43e00144 t _rel_dyn_end_ofs
43e00148 t _dynsym_start_ofs
43e0014c t clear_bss
43e00164 t clbss_l
43e00174 t jump_2_ram
43e0019c t _board_init_r_ofs
43e001a0 T cpu_init_cp15
43e001e0 t undefined_instruction
43e00240 t software_interrupt
43e002a0 t prefetch_abort
43e00300 t data_abort
43e00360 t not_used
43e003c0 t irq
43e00420 t fiq
43e00480 T timer_init
43e004b8 T reset_timer
43e004bc T get_timer
43e004c4 T set_timer
43e004c8 T __udelay
43e00564 T reset_timer_masked
43e00568 T get_timer_masked
43e00570 T udelay_masked
43e00574 T get_ticks
43e00580 T get_tbclk
43e00588 T ms_putc
43e005a8 T serial_putc
43e005cc T serial_getc
43e005ec T serial_tstc
43e00600 T serial_setbrg
43e00678 T serial_init
43e006dc T serial_puts
43e006fc T serial4_setbrg
43e0077c T serial4_init
43e00850 T serial4_ms_putc
43e00870 T serial4_getc
43e00890 T serial4_putc
43e008b4 T serial4_tstc
43e008c8 T serial4_puts
43e008ec T uboot_TellMCU_OpenBackLight
43e00954 T arch_cpu_init
43e00968 T dram_init
43e00a84 T ms_devinfo_boot_type
43e00a8c T ms_devinfo_board_type
43e00a94 T ms_devinfo_panel_type
43e00a9c T ms_devinfo_rtk_flag
43e00aa4 T env_relocate_spec
43e00ab8 T env_init
43e00acc T saveenv
43e00ae0 T reset_cpu
43e00b08 t _loop_forever
43e00b20 t v7_maint_dcache_all
43e00c08 t v7_dcache_inval_range
43e00c88 T invalidate_icache_all
43e00ca0 T __v7_outer_cache_enable
43e00ca0 W v7_outer_cache_enable
43e00ca4 T __v7_outer_cache_disable
43e00ca4 W v7_outer_cache_disable
43e00ca8 T __v7_outer_cache_flush_all
43e00ca8 W v7_outer_cache_flush_all
43e00cac T flush_dcache_all
43e00cc0 T __v7_outer_cache_inval_all
43e00cc0 W v7_outer_cache_inval_all
43e00cc4 T invalidate_dcache_all
43e00cd8 T arm_init_before_mmu
43e00d00 T __v7_outer_cache_flush_range
43e00d00 W v7_outer_cache_flush_range
43e00d04 T flush_dcache_range
43e00d40 T flush_cache
43e00d48 T __v7_outer_cache_inval_range
43e00d48 W v7_outer_cache_inval_range
43e00d4c T invalidate_dcache_range
43e00d88 T save_boot_params_default
43e00d88 W save_boot_params
43e00d8c T cleanup_before_linux
43e00db0 T sdelay
43e00dbc T sr32
43e00de0 T wait_on_value
43e00e14 t display_banner
43e00e34 t init_baudrate
43e00e60 T __coloured_LED_init
43e00e60 W coloured_LED_init
43e00e64 T __red_led_on
43e00e64 W red_led_on
43e00e68 T __red_led_off
43e00e68 W red_led_off
43e00e6c T __green_led_on
43e00e6c W green_led_on
43e00e70 T __green_led_off
43e00e70 W green_led_off
43e00e74 T __yellow_led_on
43e00e74 W yellow_led_on
43e00e78 T __yellow_led_off
43e00e78 W yellow_led_off
43e00e7c T __blue_led_on
43e00e7c W blue_led_on
43e00e80 T __blue_led_off
43e00e80 W blue_led_off
43e00e84 T __dram_init_banksize
43e00e84 W dram_init_banksize
43e00ea0 T board_init_r
43e00f6c T hang
43e00f80 T board_init_f
43e010a4 t boot_jump_linux
43e01118 t boot_prep_linux
43e01264 T arch_lmb_reserve
43e01288 T do_bootm_linux
43e012e0 T interrupt_init
43e012fc T enable_interrupts
43e01300 T disable_interrupts
43e01308 T bad_mode
43e01318 T show_regs
43e01454 T do_undefined_instruction
43e01474 T do_software_interrupt
43e01494 T do_prefetch_abort
43e014b4 T do_data_abort
43e014d4 T do_not_used
43e014f4 T do_fiq
43e01514 T do_irq
43e01534 T do_reset
43e01564 T __flush_cache
43e01568 T __flush_dcache_all
43e01574 T __enable_caches
43e01574 W enable_caches
43e01580 t cp_delay
43e015b0 T __arm_init_before_mmu
43e015b4 t mmu_setup
43e01640 T icache_enable
43e01658 T icache_disable
43e01670 T icache_status
43e01680 T dcache_enable
43e016a8 T dcache_disable
43e016cc T dcache_status
43e016dc t print_num
43e016f4 T do_bdinfo
43e017c4 W do_go_exec
43e017dc T do_go
43e0184c t __fswab32
43e01868 t image_get_size
43e01870 t do_bootm_rtems
43e018a8 t do_bootm_netbsd
43e019d8 t bootm_start.isra.9
43e01d84 t bootm_load_os.isra.10
43e01f4c T __arch_preboot_os
43e01f4c W arch_preboot_os
43e01f50 T do_bootm_subcommand
43e02194 T do_bootm
43e02428 T bootm_maybe_autostart
43e0249c t parse_argv
43e0250c T do_icache
43e02598 T do_dcache
43e02618 T do_fat_fsinfo
43e026f0 T do_fat_ls
43e027f8 T do_fat_fsload
43e0297c T do_help
43e029c0 T do_mem_crc
43e02a6c T do_mem_base
43e02aac T do_mem_mtest
43e02c4c T do_mem_loop
43e02d40 T do_mem_cp
43e02e14 T do_mem_cmp
43e02fa8 T do_mem_mw
43e03064 T do_mem_md
43e03138 t mod_mem.isra.0
43e0329c T do_mem_nm
43e032a4 T do_mem_mm
43e032ac T do_mmcops
43e036d4 T do_mmcinfo
43e03864 t do_mmc_write_emptyskip
43e039ac t get_script_next_line
43e03abc T do_emmc_cis
43e03b58 T do_ubi_mwrite_from_mmc
43e03d5c T do_cis
43e03e94 T do_scfgenv
43e03fac t get_scfg_token
43e040d8 T do_mstar
43e042b4 T do_dstar
43e0480c T do_fat_fsread
43e049d4 T parseSCA_MMAP
43e04eb8 T do_parseSCA_MMAP
43e04f40 T do_unlzo
43e05248 T do_emmc
43e05b74 t list_del
43e05b90 t part_delall
43e05bc8 t memsize_parse
43e05c30 t get_mtd_info
43e05cb0 t mtd_part_info
43e05d44 t index_partitions
43e05e04 t current_save
43e05eb4 t part_sort_add
43e05fc8 t memsize_format
43e0601c t device_del
43e06080 t part_validate
43e062d8 t generate_mtdparts_save.constprop.8
43e06590 t device_delall.constprop.10
43e065e4 t mtd_devices_init
43e06608 T mtd_device_validate
43e0663c T device_find
43e06688 t device_parse
43e06b50 T mtd_id_parse
43e06c60 T find_dev_and_part
43e06e1c T mtdparts_init
43e0742c T do_mtdparts
43e079b4 T do_chpart
43e07a80 t set_dev
43e07af0 t nand_print_and_set_info
43e07be8 t str2off
43e07c24 t arg_off
43e07d14 t arg_off_size
43e07e4c t nand_load_image
43e07ff8 T do_nandboot
43e08254 T do_nand_env_oob
43e08458 T do_nand
43e08e9c t do_env
43e08ef8 t do_env_delete
43e08f10 t do_env_import
43e09168 t do_env_default
43e091a8 T do_env_save
43e091e4 t env_print
43e09284 T do_env_print
43e09308 T get_env_id
43e09318 T _do_env_set
43e096d4 T do_env_set
43e096f4 T setenv
43e09744 t do_env_export
43e099a8 T setenv_ulong
43e099c8 T setenv_addr
43e099fc T envmatch
43e09a64 T getenv_f
43e09b34 T getenv
43e09ba0 T getenv_ulong
43e09bd0 t PaintLCDText.isra.0.constprop.2
43e0a400 T UPDPrintLineSize
43e0a478 T DrawProgressBar
43e0a5f4 t ubi_find_volume
43e0a668 t do_ubi
43e0b428 T ubi_mwrite
43e0b5cc T do_ubifs_load
43e0b690 T do_ubifs_ls
43e0b6f4 T do_ubifs_mount
43e0b74c T ubifs_is_mounted
43e0b75c T cmd_ubifs_umount
43e0b7b0 T do_ubifs_umount
43e0b7f4 T do_version
43e0b82c T find_cmd_tbl
43e0b8d0 T find_cmd
43e0b8f8 T cmd_usage
43e0b954 T _do_help
43e0bad8 T cmd_get_data_size
43e0bb28 T cmd_process
43e0bbac t console_setfile
43e0bc4c T serial_printf
43e0bc8c T fgetc
43e0bcb8 T ftstc
43e0bce4 T fputc
43e0bd0c T fputs
43e0bd34 T fprintf
43e0bd7c T getc
43e0bdb8 T tstc
43e0bdf4 T putc
43e0be30 T puts
43e0be6c T printf
43e0beb8 T vprintf
43e0bef8 T ctrlc
43e0bf48 T disable_ctrlc
43e0bf60 T had_ctrlc
43e0bf70 T clear_ctrlc
43e0bf84 T dbg
43e0bf90 T search_device
43e0bfc0 T console_assign
43e0c008 T console_init_f
43e0c018 T stdio_print_current_devices
43e0c0d0 T console_init_r
43e0c1a4 T sbrk
43e0c208 T mem_malloc_init
43e0c22c T malloc_trim
43e0c2f0 T free
43e0c514 T cfree
43e0c518 T malloc
43e0caf8 T calloc
43e0cbd0 T memalign
43e0ccdc T pvalloc
43e0ccf4 T valloc
43e0cd00 T realloc
43e0d10c T malloc_usable_size
43e0d148 T mallopt
43e0d1b4 W env_get_char_spec
43e0d1b4 t __env_get_char_spec
43e0d1c0 T env_get_addr
43e0d1e0 T env_get_char_memory
43e0d1f0 T env_get_char
43e0d220 T set_default_env
43e0d2c0 T env_import
43e0d390 T env_relocate
43e0d3c0 t init_mmc_for_env
43e0d3f4 t __mmc_get_env_addr
43e0d40c T mmc_env_init
43e0d428 T mmc_saveenv
43e0d5a8 T mmc_env_relocate_spec
43e0d678 T nand_env_init
43e0d694 T writeenv
43e0d74c T nand_saveenv
43e0d8a4 T readenv
43e0d960 T get_nand_env_oob
43e0d988 T nand_env_relocate_spec
43e0da04 t dummy
43e0da08 T get_version
43e0da10 T jumptable_init
43e0dba0 t __fswab32
43e0dbbc t image_get_magic
43e0dbc4 t image_get_size
43e0dbcc T image_check_hcrc
43e0dc1c T image_check_dcrc
43e0dc58 T image_multi_count
43e0dc78 T image_multi_getimg
43e0dd00 T getenv_yesno
43e0dd28 T getenv_bootm_low
43e0dd58 T getenv_bootm_size
43e0ddb8 T getenv_bootm_mapsize
43e0dde8 T memmove_wd
43e0ddf4 T genimg_print_size
43e0de24 T get_table_entry_name
43e0de50 T genimg_get_os_name
43e0de68 T genimg_get_arch_name
43e0de80 T genimg_get_type_name
43e0de98 T genimg_get_comp_name
43e0deb0 T image_print_contents
43e0e028 T get_table_entry_id
43e0e078 T genimg_get_os_id
43e0e090 T genimg_get_arch_id
43e0e0a8 T genimg_get_type_id
43e0e0c0 T genimg_get_comp_id
43e0e0d8 T genimg_get_format
43e0e0f8 T genimg_get_image
43e0e0fc T genimg_has_config
43e0e104 T boot_get_ramdisk
43e0e334 T boot_ramdisk_high
43e0e474 t delete_char.part.0
43e0e548 T __show_boot_progress
43e0e548 W show_boot_progress
43e0e54c T readline_into_buffer
43e0e738 T readline
43e0e74c T parse_line
43e0e7d4 t builtin_run_command
43e0eb24 T run_command
43e0eb3c T main_loop
43e0ed7c T do_run
43e0edf4 T get_ram_size
43e0eef4 t hex1_bin
43e0ef34 t hex2_bin
43e0ef6c T srec_decode
43e0f1d0 T stdio_get_list
43e0f1dc T stdio_get_by_name
43e0f22c T stdio_clone
43e0f278 T stdio_register
43e0f2bc T stdio_init
43e0f344 T CYGACC_COMM_IF_GETC_TIMEOUT
43e0f390 t xyzModem_flush
43e0f3b8 t xyzModem_get_hdr
43e0f634 T CYGACC_COMM_IF_PUTC
43e0f63c T parse_num
43e0f75c T xyzModem_stream_open
43e0f8a8 T xyzModem_stream_read
43e0fafc T xyzModem_stream_close
43e0fb4c T xyzModem_stream_terminate
43e0fbe0 T xyzModem_error
43e0fc00 t print_part_header
43e0fcc4 T get_dev
43e0fd28 T dev_print
43e0ff44 T init_part
43e0ff60 T get_partition_info
43e0ffa0 T print_part
43e10008 t le32_to_int
43e1002c t is_extended
43e10050 t get_partition_info_extended
43e102a4 t print_partition_extended
43e104bc T test_part_dos
43e10520 T print_part_dos
43e1054c T get_partition_info_dos
43e10568 t part_emmc_read_pdb.isra.2
43e105a8 t part_emmc_write_pdb.isra.3
43e10600 t part_emmc_read_ddb.isra.0.constprop.6
43e106a4 T test_part_emmc
43e106bc T print_part_emmc
43e10788 T get_partition_info_emmc
43e10838 T init_NVRAM_pdb
43e108b0 T create_new_NVRAM_partition
43e10ac0 T delete_NVRAM_all_partition
43e10b90 T remove_NVRAM_partition
43e10ca0 t __fswab32
43e10cbc T __board_mmc_getcd
43e10cbc W board_mmc_getcd
43e10cc4 T mmc_send_cmd
43e10d00 T mmc_send_status
43e10de0 T mmc_set_blocklen
43e10e14 T find_mmc_device
43e10e60 t mmc_berase
43e10fe0 t mmc_bwrite
43e11150 T mmc_read_blocks
43e11220 t mmc_bread
43e112bc T mmc_go_idle
43e1130c T sd_send_op_cond
43e11460 T mmc_send_op_cond
43e115b8 T mmc_send_ext_csd
43e11608 T mmc_switch
43e11618 T mmc_change_freq
43e116c4 T mmc_switch_part
43e11700 T mmc_getcd
43e1172c T sd_switch
43e11798 T sd_change_freq
43e1199c T mmc_set_ios
43e119ac T mmc_set_clock
43e119cc T mmc_set_bus_width
43e119d4 T mmc_startup
43e120b4 T mmc_send_if_cond
43e12130 T mmc_register
43e121b8 T mmc_get_dev
43e121cc T mmc_init
43e122a8 W cpu_mmc_init
43e122a8 t __def_mmc_init
43e122b0 T print_mmc_devices
43e12314 T get_mmc_num
43e12324 T mmc_initialize
43e1238c T emmc_initialize
43e123d8 T mmc_slc_mode
43e127f8 T mmc_ecsd_read
43e12854 T mmc_ecsd_write
43e128b8 T mmc_slc_check
43e1295c T mmc_relwr_check
43e129f0 T mmc_slc_relwr_check
43e12a90 T mmc_get_alignsize
43e12ad4 T adjustCorePower
43e12b4c T readlogofile
43e12c00 T Logo_LoadBinFile
43e12c94 T Load_TS_YPBPR_VGA_CalValue
43e12df4 T Load_PQbin
43e12e50 T logo_display_main
43e13240 T eMMC_LoadImages
43e1344c T eMMC_GetID
43e134b4 T eMMC_CheckCIS
43e1366c T eMMC_FATAutoSize
43e1381c T eMMC_ReadCIS
43e13994 T eMMC_GetDevInfo
43e13a70 T eMMC_DumpDriverStatus
43e13cf4 T eMMC_GetExtCSD
43e13cf8 T eMMC_SetExtCSD
43e13cfc T eMMC_Init_Device
43e13df0 T eMMC_CheckIfReady
43e13f60 t eMMC_ReadPartitionInfo_Ex
43e14130 t eMMC_GetPartitionIndex
43e142c0 T eMMC_DumpPartitionInfo
43e146f4 T eMMC_Init
43e1475c T eMMC_mmc_Init
43e14a6c T board_emmc_init
43e14adc T eMMC_GetPartitionCapacity
43e14b9c T eMMC_ReadPartitionInfo
43e14c50 T eMMC_ResetReadyFlag
43e14c68 T eMMC_WriteData
43e14e48 T eMMC_EraseBlock
43e1505c t eMMC_berase
43e15084 T eMMC_EraseAll
43e150e0 T eMMC_EraseAllPartitions
43e152c4 T eMMC_ErasePartition
43e15488 t eMMC_bwrite
43e154b4 T eMMC_WriteBootPart
43e15774 T eMMC_EraseBootPart
43e15a2c T eMMC_WritePartition
43e15c34 T eMMC_ReadData
43e15ec8 t eMMC_bread
43e15ef8 T eMMC_ReadBootPart
43e1605c T eMMC_ReadPartition
43e16200 T eMMC_SearchDevNodeStartSector
43e1635c T eMMC_WriteCIS
43e165c4 T Write_EMMC_CIS
43e165c8 T get_NVRAM_start_sector
43e1663c T get_NVRAM_max_part_count
43e16644 T mmc_get_env_addr
43e16654 T eMMC_FCIE_PollingEvents
43e16718 T eMMC_FCIE_WaitEvents
43e1671c T eMMC_FCIE_DumpDebugBus
43e169cc T eMMC_FCIE_CheckResetDone
43e16b58 T eMMC_DumpDDRTTable
43e16be0 T eMMC_FCIE_SetDDRTimingReg
43e16c28 T eMMC_FCIE_ApplyDDRTSet
43e16c5c T eMMC_FCIE_ErrHandler_RestoreClk
43e16c94 T eMMC_FCIE_ClearEvents
43e16d1c T eMMC_FCIE_WaitD0High_Ex
43e16d88 T eMMC_FCIE_WaitD0High
43e16dec T eMMC_FCIE_FifoClkRdy
43e16f4c T eMMC_FCIE_SendCmd
43e1703c T eMMC_FCIE_SendCmdttt
43e170ec T eMMC_FCIE_GetCIFC
43e17124 T eMMC_FCIE_DumpRegisters
43e17250 T eMMC_FCIE_ErrHandler_Stop
43e17284 T eMMC_FCIE_Reset
43e17490 T eMMC_FCIE_Init
43e17558 T eMMC_FCIE_ErrHandler_Retry
43e176d0 T eMMC_FCIE_GetCIFD
43e17708 T eMMC_CMD0
43e177c8 T eMMC_CMD1
43e17898 T eMMC_CMD2
43e17968 T eMMC_CMD9
43e17af4 T eMMC_CSD_Config
43e17c74 T eMMC_CheckR1Error
43e17dd8 T eMMC_CMD24_CIFD
43e180c4 T eMMC_CMD24_MIU
43e184c4 T eMMC_CMD24
43e184c8 T eMMC_CMD23
43e186c0 T eMMC_CMD17_CIFD
43e1895c T eMMC_CMD17_MIU
43e18d90 T eMMC_CMD17
43e18d94 T eMMC_CMD16
43e18f8c T eMMC_CMD13
43e19190 T eMMC_CMD38
43e193a8 T eMMC_CMD35_CMD36
43e195d4 T eMMC_EraseCMDSeq
43e19624 T eMMC_CMD6
43e19844 T eMMC_ModifyExtCSD
43e198e4 T eMMC_SetBusWidth
43e19994 T eMMC_FCIE_EnableSDRMode
43e19a1c T eMMC_FCIE_EnableDDRMode_Ex
43e19a98 T eMMC_SetBusSpeed
43e19b08 T eMMC_CMD8_CIFD
43e19d7c T eMMC_CMD8_MIU
43e1a178 T eMMC_CMD8
43e1a17c T eMMC_ExtCSD_Config
43e1a360 T eMMC_CMD3_CMD7
43e1a6b4 T eMMC_Identify
43e1a7f8 T eMMC_FCIE_ErrHandler_ReInit
43e1aa0c T eMMC_CMD12
43e1ab6c T eMMC_CMD25_MIU
43e1afac T eMMC_CMD25
43e1afb0 T eMMC_CMD18_MIU
43e1b448 T eMMC_CMD18
43e1b44c T eMMC_LoadDDRTTable
43e1b5c4 T eMMC_FCIE_EnableDDRMode
43e1b668 T eMMC_CheckAlignPack
43e1b6c4 T eMMC_dump_mem
43e1b7ac T eMMC_ComapreData
43e1b8b4 T eMMC_ChkSum
43e1b904 T eMMC_CompareCISTag
43e1b93c T eMMC_PrintDeviceInfo
43e1bd30 T eMMC_dump_nni
43e1bd34 T eMMC_dump_pni
43e1bd38 T eMMC_hw_timer_delay
43e1bd4c T eMMC_hw_timer_start
43e1bd54 T eMMC_hw_timer_tick
43e1bd5c T eMMC_DumpPadClk
43e1bd60 T eMMC_pads_switch
43e1bf34 T eMMC_clock_setting
43e1c1bc T eMMCTest_BlkWRC_ProbeDDR
43e1c3d8 T eMMC_FCIE_DetectDDRTiming
43e1c798 T eMMC_FCIE_BuildDDRTimingTable
43e1cbf8 T eMMC_set_WatchDog
43e1cbfc T eMMC_reset_WatchDog
43e1cc00 T eMMC_translate_DMA_address_Ex
43e1cc14 T eMMC_PlatformResetPre
43e1cc1c T eMMC_PlatformResetPost
43e1cc24 T eMMC_PlatformInit
43e1cc40 T eMMC_BootPartitionHandler_WR
43e1ccfc T eMMC_BootPartitionHandler_E
43e1cda0 T eMMC_CheckIfMemCorrupt
43e1cda8 T OALReadDeviceId
43e1cdb0 T GOP_MIU_BUS
43e1cdb8 T ms_mem_bus_to_MIU
43e1cdd4 T GOP_Setmode
43e1cfc4 T GOP_Pan_Display
43e1d028 t _MApi_XC_DumpPanelData
43e1d02c t _EmptyMethod
43e1d030 t _getPanelHstart
43e1d040 t _getPanelVstart
43e1d050 T _getPanelWidth
43e1d060 T _getPanelHeight
43e1d070 t _getPanelhtotal
43e1d080 t _getPanelVtotal
43e1d090 t _getPanelMinSET
43e1d0a0 t _getPanelMaxSET
43e1d0b0 t _getPanelDefVFreq
43e1d0c0 t _getPanel_LPLL_Mode
43e1d0d0 t _getPanel_LPLL_Type
43e1d0e0 t _getPanelHSyncWidth
43e1d0f0 t _getPanelHSyncBackPorch
43e1d100 t _getPanelVSyncBackPorch
43e1d110 t _getPanelOnTiming
43e1d140 t _getPanelOffTiming
43e1d170 t _getPanelDimCTRL
43e1d198 t _getPanelName
43e1d1a8 t _getPanel_ARC
43e1d1b8 t _getGammaTbl
43e1d1c8 t _getOutTimingMode
43e1d1d8 t _SetGammaTbl
43e1d1ec t _SetGammaValue
43e1d1f4 t _EnablePanel
43e1d224 t _SavePanelParams_User
43e1d530 t _SetPanelParams
43e1d824 T _SetSSC
43e1d828 T MApi_PNL_GetStatus
43e1d848 T MApi_PNL_SetDbgLevel
43e1d864 T MApi_PNL_IOMapBaseInit
43e1d87c T MApi_PNL_PreInit
43e1d8b0 T MApi_PNL_Init
43e1d92c T MApi_PNL_SetForceInitOneShotFlag
43e1d93c T MApi_PNL_Control_Out_Swing
43e1d940 T MApi_PNL_SetOutput
43e1d998 T MApi_PNL_ChangePanelType
43e1d9d4 T MApi_PNL_TCONMAP_DumpTable
43e1da2c T MApi_PNL_TCONMAP_Power_Sequence
43e1da44 T MApi_PNL_SetOutputPattern
43e1da48 T MApi_PNL_TCON_Count_Reset
43e1da4c T MApi_PNL_TCON_Init
43e1da50 T MApi_PNL_GetDstInfo
43e1db08 T MApi_Mod_Calibration_Setting
43e1db0c T MApi_Mod_Do_Calibration
43e1db24 T MApi_BD_LVDS_Output_Type
43e1db28 T MApi_PNL_SetSSC_En
43e1db38 T MApi_PNL_SetSSC_Fmodulation
43e1db48 T MApi_PNL_SetSSC_Rdeviation
43e1db58 T MApi_PNL_SetLPLLTypeExt
43e1db68 T MApi_PNL_Init_MISC
43e1db78 T MApi_PNL_MOD_OutputConfig_User
43e1db90 T MApi_PNL_SkipTimingChange
43e1dbc0 T MApi_PNL_HWLVDSReservedtoLRFlag
43e1dbf0 T MApi_PNL_OverDriver_Enable
43e1dc00 T MApi_MOD_PVDD_Power_Setting
43e1dc04 T MApi_PNL_SetDiffSwingLevel
43e1dc0c T MApi_Pnl_Get_LPLL_Type
43e1dc28 T MApi_PNL_SetGammaTbl
43e1dc3c T MDrv_PNL_GetLibVer
43e1dc48 T MDrv_PNL_GetStatus
43e1dc68 T MDrv_PNL_SetDbgLevel
43e1dc84 T MDrv_PNL_Control_Out_Swing
43e1dc88 T MDrv_PNL_PreInit
43e1dca8 T MDrv_PNL_CalculateLPLLSETbyDClk
43e1dd74 T MDrv_PNL_Init
43e1ddb4 T MDrv_PNL_SetPanelType
43e1e158 T MDrv_PNL_Close
43e1e160 T MDrv_PNL_En
43e1e170 T MDrv_PNL_SetSSC
43e1e24c T MDrv_PNL_SetOutputPattern
43e1e250 T MDrv_PNL_SetOutputType
43e1e268 T MDrv_PNL_TCON_DumpSCRegTab
43e1e300 T MDrv_PNL_TCON_DumpMODRegTab
43e1e3bc T MDrv_PNL_TCON_DumpGENRegTab
43e1e498 T MDrv_PNL_TCON_Count_Reset
43e1e4c8 T MDrv_PNL_TCON_Init
43e1e4cc T MDrv_PNL_GetDataFromRegister
43e1e590 T MDrv_PNL_SetSSC_En
43e1e5d0 T MDrv_PNL_SetSSC_Fmodulation
43e1e644 T MDrv_PNL_SetSSC_Rdeviation
43e1e6c0 T MDrv_Mod_Calibration_Init
43e1e6c4 T MDrv_BD_LVDS_Output_Type
43e1e6c8 T MDrv_PNL_SkipTimingChange_GetCaps
43e1e6cc T MDrv_PNL_HWLVDSReservedtoLRFlag
43e1e6e0 T MDrv_PNL_OverDriver_Init
43e1e6fc T MDrv_PNL_OverDriver_Enable
43e1e700 T MDrv_PNL_Is_SupportFRC
43e1e708 T MDrv_PNL_Dump
43e1e738 T MDrv_PNL_Get_Width
43e1e748 T MDrv_PNL_Get_Height
43e1e758 t RIU_READ_2BYTE
43e1e76c T MHal_PNL_SetDbgLevel
43e1e780 T MHal_MOD_PVDD_Power_Setting
43e1e7cc T MHal_PNL_GetDACOut
43e1e7d4 T MHal_PNL_TCON_Init
43e1e7d8 T MHal_Shift_LVDS_Pair
43e1e820 T MHal_Output_LVDS_Pair_Setting
43e1e944 t MHal_MOD_PowerOn.part.2
43e1ea00 T MHal_MOD_PowerOn
43e1eac0 T MHal_PQ_Clock_Gen_For_Gamma
43e1eaec T MHal_VOP_SetGammaMappingMode
43e1eb38 T Hal_VOP_Is_GammaMappingMode_enable
43e1eb54 T Hal_VOP_Is_GammaSupportSignalWrite
43e1eb64 T Hal_PNL_Set12BitGammaPerChannel
43e1eb68 T MHal_PNL_Init_LPLL
43e1ef78 T MHal_PNL_Get_Loop_DIV
43e1f028 T MHal_PNL_Get_LPLL_LoopGain
43e1f038 T Hal_PNL_SkipTimingChange_GetCaps
43e1f040 T MHal_PNL_HWLVDSReservedtoLRFlag
43e1f168 T MHal_PNL_OverDriver_Init
43e1f2e0 T MHal_PNL_OverDriver_Enable
43e1f314 T _MHal_PNL_MOD_Swing_Refactor_AfterCAL
43e1f378 T MHal_PNL_MOD_Control_Out_Swing
43e1f4a4 T MHal_PNL_MOD_Control_Out_PE_Current
43e1f560 T MHal_PNL_MOD_Control_Out_TTL_Resistor_OP
43e1f6f0 T MHal_PNL_PreInit
43e1f700 T MHal_PNL_Get_Output_MODE
43e1f710 T MHal_PNL_SetOutputType
43e1fc50 T Mhal_PNL_Flock_LPLLSet
43e1fc54 T MHal_PNL_MISC_Control
43e1fc90 T MHal_PNL_Init_XC_Clk
43e1fd30 T MHal_PNL_Init_MOD
43e1ff14 T MHal_PNL_DumpMODReg
43e1ff78 T MHal_MOD_Calibration_Init
43e1ff94 T MHal_BD_LVDS_Output_Type
43e1ffac T msModCalDDAOUT
43e1ffe4 T msModCurrentCalibration
43e2060c T MHal_PNL_MOD_Calibration
43e20614 T MHal_PNL_En
43e20794 T MHal_PNL_SetOutputPattern
43e2086c T MHal_PNL_Switch_LPLL_SubBank
43e20870 T boot_mode_recovery
43e20900 T boot_mode_upgradebootloader
43e20924 T get_boot_mode_from_env
43e2092c T get_boot_mode_from_mtd0
43e20a20 T do_bootcheck
43e20a40 T MHal_GPIO_Init
43e20a58 T MHal_GPIO_WriteRegBit
43e20a7c T MHal_GPIO_ReadRegBit
43e20a9c T MHal_GPIO_Pad_Set
43e21388 T MHal_GPIO_Pad_Oen
43e213c0 T MHal_GPIO_Pad_Odn
43e213f8 T MHal_GPIO_Pad_Level
43e21430 T MHal_GPIO_Pad_InOut
43e2146c T MHal_GPIO_Pull_High
43e214a0 T MHal_GPIO_Pull_Low
43e214d4 T MHal_GPIO_Set_High
43e2152c T MHal_GPIO_Set_Low
43e21584 T MHal_Enable_GPIO_INT
43e216b8 t _MDrv_SerFlash_WaitWriteCmdRdy
43e216d4 t _MDrv_SerFlash_WaitWriteDataRdy
43e216f0 t __MDrv_BusyWaitBit
43e21734 t _MDrv_BusyWaitWriteCmdReady
43e21744 t _MDrv_BusyWaitReadDataReady
43e21754 t _MDrv_BusyWaitWriteCompletion
43e217f8 t _MDrv_BusyWaitWriteDataReady.constprop.3
43e21808 t _MDrv_SerFlash_WaitWriteDone
43e21854 T DumpBuff
43e218bc T MDrv_SerFlash_Init
43e21910 T MDrv_SerFlash_Write
43e21a90 T MDrv_SpiSelectClock
43e21ac4 T MDrv_InitialSPIFlash
43e21af8 T MDrv_SPI_CE
43e21afc T MDrv_SPI_CE_Disable
43e21b00 T GetRDSR
43e21ba4 T MDrv_ProtectSpiFlash
43e21c68 T HW_WP_Status
43e21c9c T DisableWP
43e21ce0 T EnableWP
43e21d28 T MDrv_SpiFlash_TriggerMode_WriteEnable
43e21d8c T MDrv_BlockEraseSpiFlash
43e21eb4 T MDrv_BulkEraseSpiFlash
43e21f8c T MDrv_ShowChipName
43e221e4 T MDrv_SpiFlash_NormalMode_Read
43e22364 T MDrv_SpiFlash_TriggerMode_BlockErase
43e2260c T MDrv_SpiFlash_TriggerMode_BulkErase
43e22824 T MDrv_SerFlash_WriteSST
43e22948 T MDrv_SpiFlash_TriggerMode_ReadID
43e22b6c T BlockEraseFlash
43e22b78 T EraseFlash
43e22b84 T BlankFlash
43e22b8c T ProgramRomCode
43e22ba8 T VerifyProgram
43e22c3c T do_BurnCode
43e22db4 T do_devinfo
43e22ef8 T do_BurnUI
43e22f38 T do_BurnRtk
43e22f78 T do_EraseUboot
43e23010 T do_EraseRtkbin
43e230a8 T do_BurnUboot
43e230cc T do_BurnRomDevCode
43e23108 T do_BurnRomCode
43e2312c T do_BurnDevInfo
43e231ec T do_nor
43e23474 T Hal_CREG_SET_PORT
43e23484 T Hal_CREG_GET_PORT
43e23494 T Hal_CREG_GET_REG_BANK
43e23538 T Hal_Timer_mDelay
43e2354c T Hal_Timer_uDelay
43e23560 t _REG_ResetIP
43e236c0 t _REG_WaitMIEEvent
43e23730 t _REG_GetPortSetting
43e23758 t _SDMMC_ErrProcess.isra.1
43e23848 t _REG_WaitFIFOClkRdy.constprop.2
43e238a8 t _REG_WaitDat0HI.constprop.3
43e23948 t _REG_ClearMIEEvent.constprop.4
43e239b8 t _REG_ClearSDSTS.constprop.5
43e23a28 T Hal_SDMMC_SetCmdTokenToCIFC
43e23a84 T Hal_SDMMC_GetRspTokenFromCIFC
43e23b1c T Hal_SDMMC_CIFD_DATA_IO
43e23b80 T Hal_SDMMC_SetDataWidth
43e23b9c T Hal_SDMMC_SetDataSync
43e23bc0 T Hal_SDMMC_SetSDIOIntDet
43e23be4 T Hal_SDMMC_SetSDIOClk
43e23c04 T Hal_SDMMC_SetNcrDelay
43e23ce8 T Hal_SDMMC_TransCmdSetting
43e23de4 T Hal_SDMMC_SendCmdAndWaitProcess
43e24230 T Hal_SDMMC_RunBrokenDmaAndWaitProcess
43e24350 T Hal_SDMMC_WriteProtect
43e243a4 T Hal_SDMMC_CardDetect
43e24468 T Hal_SDMMC_OtherPreUse
43e244a8 T Hal_SDMMC_ClkCtrl
43e24550 T Hal_SDMMC_Reset
43e24580 T Hal_SDMMC_WaitProcessCtrl
43e24590 T Hal_CARD_IPOnceSetting
43e24644 T Hal_CARD_IPBeginSetting
43e24690 T Hal_CARD_IPEndSetting
43e24694 T Hal_CARD_InitPADPin
43e24a50 T Hal_CARD_SetPADToPortPath
43e24b08 T Hal_CARD_PullPADPin
43e24c24 T Hal_CARD_SetClock
43e25084 T Hal_CARD_FindClockSetting
43e25138 T Hal_CARD_SetPADPower
43e2513c T Hal_CARD_PowerOn
43e251fc T Hal_CARD_PowerOff
43e252b0 T Hal_CARD_SetIOMode
43e252c8 T Hal_CARD_GetGPIONum
43e252d0 T Hal_CARD_InitGPIO
43e253c8 T Hal_CARD_GetGPIOState
43e25414 T Hal_CARD_SetGPIOIntAttr
43e25418 T Hal_CARD_GPIOIntFilter
43e25438 T Hal_CARD_TransMIUAddr
43e2543c t mmc_send_cmd
43e25724 t mmc_set_ios
43e257f0 t mmc_core_init
43e258b4 T board_mmc_init
43e25978 t _unfd_nand_hwcontrol
43e2597c t _unfd_nand_device_ready
43e25984 t _unfd_nand_wait
43e2599c t _unfd_nand_enable_hwecc
43e259a0 t _unfd_nand_calculate_ecc
43e259a8 t _unfd_nand_correct_data
43e259b8 t _unfd_nand_read_word
43e259f4 t _unfd_nand_read_byte
43e25a1c t _unfd_nand_cmdfunc
43e25ba4 t _unfd_nand_write_buf
43e25ca0 t _unfd_nand_read_buf
43e25d20 T drvNAND_Init
43e25d3c T nand_unfd_init
43e25e80 T board_nand_init
43e260c8 T drvNAND_GetNandID
43e260fc T drvNAND_CheckCIS
43e261b8 T drvNAND_WriteCIS_for_ROM_2
43e2663c T drvNAND_GetNandInfo
43e26700 T drvNAND_SearchNandInfo
43e26790 T drvNAND_GetPartOffset
43e267f0 T drvNAND_GetMtdParts
43e26ac8 t NC_PageCopy_Patch
43e26ad0 t NC_ReadSector_RIUMode_Patch
43e26ad8 t NC_Read_RandomIn_Patch
43e26ae0 T NC_ConfigHal
43e26b10 T NC_WritePages
43e26b2c T NC_ReadPages
43e26b48 T NC_PageCopy
43e26b6c T NC_ReadSectors
43e26b90 T NC_ReadSector_RIUMode
43e26bac T NC_Read_RandomIn
43e26bc8 T NC_DumpDebugBus
43e26d9c T NC_DumpNandStr
43e26da0 T NC_DumpRegisters
43e26df4 T NC_ResetFCIE
43e26f00 T NC_wait_MIULastDone
43e26f98 T NC_waitFifoClkReady
43e27018 T NC_ConfigContext
43e27104 T NC_ReInit
43e273cc T NC_Config
43e27474 T NC_ReConfig
43e2756c T NC_GetECCBits
43e27594 T NC_CheckEWStatus
43e27634 T NC_SendCmdForLADebug
43e276a4 T NC_WaitComplete_RM
43e2771c T NC_WaitComplete
43e277b8 T NC_ResetNandFlash
43e2788c T NC_ProbeReadSeq
43e279c8 T NC_FCIE4SetInterface
43e27af4 T NC_DetectDDRTiming
43e27cac T NC_EraseBlk
43e27e64 T NC_SetCIFD_Const
43e27f3c T NC_SetCIFD
43e28038 T NC_Write_RandomOut
43e28258 T NC_WritePage_RIUMode
43e28640 T NC_WriteSectors
43e289bc t NC_WritePages_Raw
43e28ca8 t NC_WritePages_Patch
43e28f68 t NC_SetFeature_Ex.constprop.7
43e2908c T NC_GetCIFD
43e29128 t NC_RandomIn_1Cmd1Addr
43e29348 t NC_ProbeIfToggleDDR_Ex
43e293f0 T NC_ProbeIfToggleDDR
43e29428 t NC_ProbeIfONFIDDR_Ex
43e29528 T NC_ProbeIfONFIDDR
43e29564 T NC_ReadToggleParamPage
43e2964c T NC_ReadONFIParamPage
43e29794 T NC_SetToggleDDRMode
43e297ec T NC_SetONFISyncMode
43e29888 T NC_ReadID
43e29aa0 T NC_Init
43e29f2c t NC_Read_RandomIn_Raw
43e2a0c4 t NC_ReadSector_RIUMode_Raw
43e2a7ac t NC_ReadSectors_Raw
43e2ac24 t NC_PageCopy_Raw
43e2af10 t NC_ReadPages_Raw
43e2b4a8 t NC_ReadSectors_Patch
43e2b8bc t NC_ReadPages_Patch
43e2bc38 T NC_ReadStatus
43e2bd18 T NC_CheckECC
43e2bd6c T drvNAND_ProbeReadSeq
43e2be88 T drvNAND_ParseNandInfo
43e2c0b4 T drvNAND_CheckAlignPack
43e2c0d4 T dump_mem
43e2c0d8 T dump_nand_info
43e2c0dc T dump_part_records
43e2c0e0 T dump_general_blk_info
43e2c0e4 T dump_part_info
43e2c0e8 T dump_miu_records
43e2c0ec T dump_miu_part
43e2c0f0 T dump_nand_driver
43e2c0f4 T drvNAND_CountBits
43e2c124 T drvNAND_CheckSum
43e2c158 T drvNAND_CheckPartInfo
43e2c20c T drvNAND_CompareCISTag
43e2c244 T drvNAND_SearchCIS
43e2c47c T drvNAND_SearchPartition
43e2c4d4 T drvNAND_IsGoodBlk
43e2c51c T drvNAND_CheckAll0xFF
43e2c54c T drvNAND_IsFreeBlk
43e2c5ec T drvNAND_FindFreePage
43e2c76c T drvNAND_ReadBlk
43e2c91c T drvNAND_WriteBlkNonBackup
43e2ca48 T drvNAND_ErasePhyBlk
43e2ca64 T drvNAND_MarkBadBlk
43e2cad4 T drvNAND_MoveBlkData
43e2cb78 T drvNAND_InitBBT
43e2cd1c T drvNAND_WriteBlk
43e2d240 T drvNAND_ReadPhyPage
43e2d248 T drvNAND_WritePhyPage
43e2d250 t nand_probe_ddr
43e2d2b4 t nand_probe_ddr_ex.constprop.3
43e2d340 T nand_hw_timer_delay
43e2d354 T nand_pads_init
43e2d36c T nand_pads_switch
43e2d4d4 T nand_clock_setting
43e2d5a0 T nand_DumpPadClk
43e2d5a4 T nand_config_timing
43e2d904 T nand_find_timing
43e2db90 T nand_detect_ddr_timing
43e2e444 T nand_config_clock
43e2e5f0 T nand_set_WatchDog
43e2e5f4 T nand_reset_WatchDog
43e2e5f8 T nand_lock_fcie
43e2e69c T nand_unlock_fcie
43e2e6fc T nand_translate_DMA_address_Ex
43e2e738 T nand_flush_miu_pipe
43e2e73c T drvNAND_get_DrvContext_address
43e2e748 T drvNAND_get_DrvContext_PartInfo
43e2e754 T drvNAND_CHECK_FLASH_TYPE
43e2ed64 T NC_PlatformResetPre
43e2ed6c T NC_PlatformResetPost
43e2edb8 T NC_PlatformInit
43e2ee14 T drvNAND_BIST_Test
43e2f000 T drvNAND_Stable_Test
43e2f2e0 T add_mtd_device
43e2f34c T del_mtd_device
43e2f3a0 T get_mtd_device
43e2f41c T get_mtd_device_nm
43e2f488 T put_mtd_device
43e2f4b4 t part_read_user_prot_reg
43e2f4e4 t part_get_user_prot_info
43e2f4f8 t part_read_fact_prot_reg
43e2f528 t part_get_fact_prot_info
43e2f53c t part_write
43e2f5c4 t part_panic_write
43e2f64c t part_write_oob
43e2f6d0 t part_write_user_prot_reg
43e2f700 t part_lock_user_prot_reg
43e2f71c t part_erase
43e2f7dc t part_lock
43e2f83c t part_unlock
43e2f89c t part_sync
43e2f8b0 t part_block_isbad
43e2f8fc t part_block_markbad
43e2f96c t part_read_oob
43e2fa08 t part_read
43e2faec T mtd_erase_callback
43e2fb68 T del_mtd_partitions
43e2fbf4 T add_mtd_partitions
43e302f0 T nand_register
43e30378 T nand_init
43e303d4 t scan_read_raw_oob
43e304a0 t scan_read_raw
43e30500 t read_bbt
43e30780 t read_abs_bbt
43e3085c t write_bbt
43e30f20 t verify_bbt_descr
43e31080 t check_pattern
43e311b4 t create_bbt
43e3152c t search_bbt
43e3172c T nand_update_bbt
43e3187c t mark_bbt_region
43e31a0c T nand_scan_bbt
43e31efc T nand_default_bbt
43e31ff8 T nand_isbad_bbt
43e32058 t check_skip_len
43e320e8 T nand_erase_opts
43e32440 T nand_write_skip_bad
43e32634 T nand_read_skip_bad
43e32820 T nand_calculate_ecc
43e32910 T nand_correct_data
43e32a38 t nand_release_device
43e32a50 T nand_read_byte
43e32a64 t nand_read_byte16
43e32a78 t nand_read_word
43e32a88 T nand_write_buf
43e32ab4 T nand_read_buf
43e32ae0 t nand_verify_buf
43e32b24 T nand_write_buf16
43e32b58 T nand_read_buf16
43e32b8c t nand_verify_buf16
43e32bd4 t nand_check_wp
43e32c24 t nand_read_page_raw
43e32c5c t nand_read_page_raw_syndrome
43e32d30 t nand_read_page_swecc
43e32e40 t nand_read_subpage
43e330c8 t nand_read_page_hwecc
43e33208 t nand_read_page_hwecc_oob_first
43e33344 t nand_read_page_syndrome
43e3346c t nand_read_oob_std
43e334b4 t nand_read_oob_syndrome
43e335bc t nand_write_oob_std
43e3362c t nand_write_oob_syndrome
43e337dc t nand_write_page_raw
43e33810 t nand_write_page_raw_syndrome
43e338e0 t nand_write_page_swecc
43e33990 t nand_write_page_hwecc
43e33a58 t nand_write_page_syndrome
43e33b4c t single_erase_cmd
43e33b88 t multi_erase_cmd
43e33c10 t nand_sync
43e33c20 t nand_block_checkbad
43e33ca4 t nand_block_isbad
43e33cd8 t nand_block_markbad
43e33d18 t nand_write_page
43e33dc0 t nand_block_bad
43e33f10 t nand_wait
43e33fec t generic_ffs
43e3403c t nand_select_chip
43e34094 t nand_fill_oob
43e341a4 t nand_do_write_oob
43e34358 t nand_default_block_markbad
43e344d4 t nand_do_write_ops
43e34820 t nand_write_oob
43e348bc t nand_write
43e34948 t nand_transfer_oob
43e34a58 T nand_wait_ready
43e34aa4 t nand_do_read_ops
43e34e68 t nand_read_oob
43e35108 t nand_read
43e35194 t nand_command
43e3536c t nand_command_lp
43e355d0 T nand_erase_nand
43e359b8 t nand_erase
43e359c0 T nand_scan_ident
43e36260 T nand_scan_tail
43e3680c T nand_scan
43e36830 T nand_release
43e36878 t kill_volumes
43e368b8 T ubi_get_device
43e368d8 T ubi_put_device
43e368e8 T ubi_get_by_major
43e36934 T ubi_major2num
43e36978 T ubi_attach_mtd_dev
43e370bc T ubi_detach_mtd_dev
43e37188 T ubi_init
43e372ec T ubi_exit
43e37330 T ubi_mtd_param_parse
43e374e8 t __fswab32
43e37504 t vtbl_check
43e37868 t create_vtbl
43e37b34 T ubi_change_vtbl_record
43e37c04 T ubi_read_volume_table
43e38448 t __fswab32
43e38464 t vol_release
43e38468 T ubi_create_volume
43e38958 T ubi_remove_volume
43e38a90 T ubi_resize_volume
43e38d10 T ubi_add_volume
43e38d6c T ubi_free_volume
43e38d80 t write_leb
43e38e48 t clear_update_marker
43e38f40 T ubi_start_update
43e390c8 T ubi_start_leb_change
43e391a4 T ubi_more_update_data
43e39424 T ubi_more_leb_change_data
43e39550 T ubi_get_device_info
43e395b0 T ubi_get_volume_info
43e39634 T ubi_close_volume
43e3969c T ubi_open_volume
43e39838 T ubi_open_volume_nm
43e39914 T ubi_leb_read
43e39a2c T ubi_leb_write
43e39b18 T ubi_leb_change
43e39bf0 T ubi_leb_erase
43e39c70 T ubi_leb_unmap
43e39cd8 T ubi_leb_map
43e39d7c T ubi_is_mapped
43e39dc4 t __fswab32
43e39de0 t ltree_lookup
43e39e20 t ubi_free_vid_hdr
43e39e34 t leb_write_unlock
43e39e6c t leb_read_unlock
43e39ea4 t __fswab64
43e39ed0 t ltree_add_entry
43e39fa8 t ubi_ro_mode
43e39fd0 t ubi_zalloc_vid_hdr.isra.2
43e39ff4 T ubi_eba_unmap_leb
43e3a07c T ubi_eba_read_leb
43e3a2cc T ubi_eba_write_leb
43e3a8cc T ubi_eba_write_leb_st
43e3ac60 T ubi_eba_atomic_leb_change
43e3b000 T ubi_eba_copy_leb
43e3b3a0 T ubi_eba_init_scan
43e3b5f8 T ubi_eba_close
43e3b634 t __fswab32
43e3b650 t erase_callback
43e3b654 t do_sync_erase
43e3b730 T ubi_io_read
43e3b830 T ubi_io_write
43e3b8e0 T ubi_io_sync_erase
43e3babc T ubi_io_is_bad
43e3bb1c T ubi_io_mark_bad
43e3bba8 T ubi_io_read_ec_hdr
43e3be60 T ubi_io_write_ec_hdr
43e3bf30 T ubi_io_read_vid_hdr
43e3c2d0 T ubi_io_write_vid_hdr
43e3c35c t in_wl_tree
43e3c3b8 t tree_destroy
43e3c414 t ubi_free_vid_hdr
43e3c428 t find_wl_entry
43e3c468 t do_work
43e3c4dc t ensure_wear_leveling
43e3c5a8 t prot_tree_del
43e3c608 t wl_tree_add
43e3c668 t prot_tree_add
43e3c734 t ubi_ro_mode
43e3c75c t cancel_pending
43e3c7b0 t schedule_erase
43e3c81c t wear_leveling_worker
43e3cb18 t erase_worker
43e3ce9c T ubi_wl_get_peb
43e3d01c T ubi_wl_put_peb
43e3d10c T ubi_wl_scrub_peb
43e3d1e0 T ubi_wl_flush
43e3d228 T ubi_thread
43e3d2d4 T ubi_wl_init_scan
43e3d5ac T ubi_wl_close
43e3d640 t __fswab32
43e3d65c t list_del
43e3d678 t ubi_free_vid_hdr
43e3d68c t __fswab64
43e3d6b8 t validate_vid_hdr
43e3d7a4 t add_to_list
43e3d850 T ubi_scan_add_used
43e3dfc4 T ubi_scan_find_sv
43e3dff4 T ubi_scan_find_seb
43e3e024 T ubi_scan_rm_volume
43e3e08c T ubi_scan_erase_peb
43e3e15c T ubi_scan_get_free_peb
43e3e22c T ubi_scan_destroy_si
43e3e3e4 T ubi_scan
43e3ea2c T crc32_le
43e3eb1c T ubi_calc_data_len
43e3eb50 T ubi_check_volume
43e3ec00 T ubi_calculate_reserved
43e3ec28 t downcase
43e3ec4c t disk_read
43e3ec9c t dirdelim
43e3ecd0 t get_fatent
43e3ee24 t get_name
43e3eed0 t read_bootsectandvi
43e3eff4 t get_cluster
43e3f0e0 t slot2str
43e3f1a8 t get_vfatname
43e3f36c t get_dentfromdir.isra.1
43e3f620 T fat_register_device
43e3f780 T do_fat_read
43e3ff3c T file_fat_detectfs
43e40094 T file_fat_ls
43e400a4 T file_fat_read
43e400dc T do_fat_read_fstart
43e40670 T do_fat_fsize
43e40a6c T file_getfsname
43e40a84 T file_cd
43e40c7c T file_detectfs
43e40cb8 T file_ls
43e40d40 T file_read
43e40dd8 t ubifs_findfile
43e41140 t gzip_decompress
43e41178 T ubifs_decompress
43e41240 t read_block
43e41384 T ubifs_compressors_init
43e413b8 T ubifs_ls
43e418bc T ubifs_load
43e41be0 T ubifs_ro_mode
43e41c1c T ubifs_check_node
43e41dec T ubifs_pad
43e41ee0 T ubifs_prepare_node
43e4206c T ubifs_read_node
43e421bc t sb_set
43e421cc t sb_test
43e421e4 t free_orphans
43e42274 T sget
43e4230c T iget_locked
43e42358 T ubifs_iput
43e42384 T iput
43e423f0 T ubifs_iget
43e42830 T ubifs_umount
43e428bc t ubifs_get_sb
43e43578 T ubifs_init
43e4357c T ubifs_mount
43e4364c t key_test_hash
43e43688 t key_r5_hash
43e436c8 T ubifs_read_sb_node
43e43734 T ubifs_read_superblock
43e43e90 T ubifs_read_master
43e44b80 t calc_nnode_num_from_parent
43e44bb8 t calc_pnode_num_from_parent
43e44bf8 t generic_fls
43e44c50 T ubifs_calc_lpt_geom
43e44fc8 T ubifs_unpack_bits
43e45108 t check_lpt_type
43e45150 t check_lpt_crc
43e451d4 T ubifs_add_lpt_dirt
43e45204 T ubifs_add_nnode_dirt
43e45264 t dirty_cow_nnode
43e4535c T ubifs_unpack_nnode
43e45414 T ubifs_read_nnode
43e45634 T ubifs_get_nnode
43e45668 T ubifs_get_pnode
43e45a38 T ubifs_lpt_lookup
43e45adc T ubifs_lpt_lookup_dirty
43e45ce4 T ubifs_lpt_init
43e45eb8 T ubifs_lpt_free
43e46090 T ubifs_scan_a_node
43e46208 T ubifs_start_scan
43e462d8 T ubifs_end_scan
43e462f4 T ubifs_add_snod
43e463d0 T ubifs_scanned_corruption
43e463f8 T ubifs_scan_destroy
43e4643c T ubifs_scan
43e46604 t get_heap_comp_val
43e46630 t move_up_lpt_heap.isra.2
43e466b0 t adjust_lpt_heap.isra.3
43e4683c t remove_from_lpt_heap
43e46898 T ubifs_add_to_cat
43e46a38 T ubifs_replace_cat
43e46a9c T ubifs_categorize_lprops
43e46b3c T ubifs_ensure_cat
43e46b88 T ubifs_change_lp
43e46ef8 T ubifs_get_lp_stats
43e46f0c T ubifs_change_one_lp
43e46f6c T ubifs_update_one_lp
43e46fd0 T ubifs_read_one_lp
43e47000 T ubifs_fast_find_free
43e47018 T ubifs_fast_find_empty
43e47034 T ubifs_fast_find_freeable
43e47048 T ubifs_fast_find_frdi_idx
43e47064 t ubifs_zn_dirty
43e47070 t insert_zbranch
43e47148 t lnc_free
43e4716c t get_znode
43e4719c t tnc_prev
43e4723c t tnc_next
43e472d8 t insert_old_idx
43e47398 t ubifs_add_dirt
43e473b8 t keys_cmp.isra.8
43e473f8 t correct_parent_keys.isra.13
43e47460 t tnc_read_node_nm
43e474dc t tnc_insert
43e4790c t fallible_read_node
43e47a88 t fallible_matches_name
43e47b64 t fallible_resolve_collision
43e47dec t matches_name
43e47ebc t resolve_collision
43e48078 t dirty_cow_znode
43e48200 t dirty_cow_bottom_up
43e482f4 t lookup_level0_dirty
43e4849c T insert_old_idx_znode
43e484f0 t tnc_delete
43e48700 T destroy_old_idx
43e48764 T ubifs_lookup_level0
43e488a8 T ubifs_tnc_locate
43e4899c T ubifs_tnc_get_bu_keys
43e48bd4 T ubifs_tnc_bulk_read
43e48e14 T ubifs_tnc_lookup_nm
43e48ef0 T ubifs_tnc_add
43e48fa4 T ubifs_tnc_replace
43e4926c T ubifs_tnc_remove
43e492ac T ubifs_tnc_remove_nm
43e4937c T ubifs_tnc_add_nm
43e49518 T ubifs_tnc_remove_range
43e49734 T ubifs_tnc_next_ent
43e49844 T ubifs_tnc_remove_ino
43e49980 t ubifs_tnc_find_child
43e499b8 T ubifs_tnc_levelorder_next
43e49aa8 T ubifs_search_zbranch
43e49b28 T ubifs_tnc_postorder_first
43e49b64 T ubifs_tnc_postorder_next
43e49b9c T ubifs_load_znode
43e49eb8 T ubifs_tnc_read_node
43e49f3c T crc16
43e49f70 T ubifs_calc_min_idx_lebs
43e4a008 T ubifs_reported_space
43e4a07c T ubifs_search_bud
43e4a0b0 T ubifs_add_bud
43e4a164 T ubifs_clear_orphans
43e4a1ec T ubifs_mount_orphans
43e4a5dc t is_empty
43e4a60c t find_ino
43e4a638 t add_ino
43e4a6e0 t ubifs_leb_unmap
43e4a734 t is_last_write
43e4a7d4 t clean_buf.isra.5
43e4a860 t get_master_node
43e4aa5c t recover_head
43e4ab54 T ubifs_recover_master_node
43e4ad14 T ubifs_write_rcvrd_mst_node
43e4ae74 T ubifs_recover_leb
43e4b328 T ubifs_recover_log_leb
43e4b578 T ubifs_recover_inl_heads
43e4b5b4 T ubifs_clean_lebs
43e4b79c T ubifs_recover_size_accum
43e4b8bc T ubifs_recover_size
43e4ba54 t insert_node
43e4bbbc T ubifs_validate_entry
43e4bce8 T ubifs_replay_journal
43e4ccac T crc7
43e4ccd4 T cyg_crc16
43e4cd1c T crc32_no_comp
43e4cdf4 T crc32
43e4ce08 T crc32_wd
43e4ce0c T display_options
43e4ce2c T print_size
43e4cf64 T print_buffer
43e4d0e0 T zfree
43e4d0e8 T zalloc
43e4d0f8 T zunzip
43e4d204 T gunzip
43e4d2b0 t cmpkey
43e4d2c4 T hcreate_r
43e4d378 T hdestroy_r
43e4d3f0 T hstrstr_r
43e4d49c T hmatch_r
43e4d53c T hsearch_r
43e4d818 T hdelete_r
43e4d8a0 T hexport_r
43e4db38 T himport_r
43e4dd84 t lmb_add_region
43e4df54 T lmb_dump_all
43e4df58 T lmb_init
43e4df80 T lmb_add
43e4df84 T lmb_free
43e4e090 T lmb_reserve
43e4e098 T lmb_overlaps_region
43e4e0f8 T __lmb_alloc_base
43e4e208 T lmb_alloc_base
43e4e23c T lmb_alloc
43e4e244 T lmb_is_reserved
43e4e294 T __board_lmb_reserve
43e4e294 W board_lmb_reserve
43e4e298 T __arch_lmb_reserve
43e4e29c T ldiv
43e4e2ec T string_to_ip
43e4e360 T qsort
43e4e440 T strcmp_compar
43e4e44c T strmhz
43e4e4b8 t __rb_rotate_left
43e4e528 t __rb_rotate_right
43e4e59c T rb_insert_color
43e4e6c8 T rb_erase
43e4ea28 T rb_first
43e4ea4c T rb_last
43e4ea70 T rb_next
43e4ead4 T rb_prev
43e4eb38 T rb_replace_node
43e4eb98 T __div64_32
43e4ec74 T strcpy
43e4ec90 T strncpy
43e4ecb4 T strcat
43e4ece4 T strncat
43e4ed38 T strcmp
43e4ed68 T strncmp
43e4edac T strchr
43e4ede0 T skip_spaces
43e4ee08 T strlen
43e4ee28 T strim
43e4ee88 T strrchr
43e4eec4 T strnlen
43e4eef4 T strdup
43e4ef2c T strspn
43e4ef74 T strpbrk
43e4efb0 T strtok
43e4f02c T strsep
43e4f060 T strswab
43e4f0ac T memset
43e4f118 T bcopy
43e4f13c T memcpy
43e4f1a4 T memmove
43e4f204 T memcmp
43e4f238 T memscan
43e4f264 T strstr
43e4f2c8 T memchr
43e4f2f8 T udelay
43e4f328 T mdelay
43e4f34c t put_dec
43e4f568 t string.isra.0
43e4f608 t number.isra.1
43e4f86c t vsnprintf_internal.isra.3
43e4fcc4 T simple_strtoul
43e4fd84 T strict_strtoul
43e4fdfc T simple_strtol
43e4fe24 T ustrtoul
43e4fe94 T simple_strtoull
43e4ff80 T vsprintf
43e4ff84 T sprintf
43e4ffa8 T panic
43e4ffec T __assert_fail
43e50000 T simple_itoa
43e50058 t __get_unaligned_le32
43e5007c t __get_unaligned_be32
43e500a0 t parse_header
43e5012c T lzo1x_decompress_safe
43e5077c T lzop_decompress_part
43e508a0 T lzop_decompress
43e50954 T zcfree
43e5095c T zcalloc
43e50964 T inflate_fast
43e50f0c T inflate_table
43e514c8 T inflateReset
43e51544 T inflateInit2_
43e5164c T inflateInit_
43e51660 T inflateEnd
43e516c4 T adler32
43e51a10 T inflate
43e53058 T board_init
43e53098 T raise
43e530b4 T __aeabi_unwind_cpp_pr0
43e530b8 T __aeabi_unwind_cpp_pr1
43e530c0 T __udivsi3
43e530c0 t .udivsi3_skip_div0_test
43e530c0 t __aeabi_uidiv
43e5331c t __aeabi_uidivmod
43e53338 T __divsi3
43e53338 t __aeabi_idiv
43e5333e t .divsi3_skip_div0_test
43e535cc t __aeabi_idivmod
43e535e8 T __lshrdi3
43e535e8 t __aeabi_llsr
43e53600 T __ashrdi3
43e53600 t __aeabi_lasr
43e5361c T __ashldi3
43e5361c t __aeabi_llsl
43e53634 t __aeabi_ldivmod
43e5366c t __aeabi_uldivmod
43e53698 t __aeabi_idiv0
43e53698 t __aeabi_ldiv0
43e536a4 t __gnu_ldivmod_helper
43e536d4 t __gnu_uldivmod_helper
43e53704 t __divdi3
43e53a58 t __udivdi3
43e53dcc r boot_os
43e53e18 r __func__.6455
43e53e28 r baudrate_table
43e53e3c r __func__.6421
43e53e4c r CSWTCH.10
43e53e51 r __func__.7346
43e53e60 r __func__.7355
43e53e71 r __func__.7416
43e53e7c V version_string
43e53ea7 r CSWTCH.20
43e53ebd R default_environment
43e53f35 r __func__.5735
43e53f45 r __func__.5742
43e53f50 r __func__.6032
43e53f5c r __func__.7124
43e53f6c r uimage_os
43e53fc0 r uimage_arch
43e540bc r uimage_type
43e5417c r uimage_comp
43e541c4 r erase_seq
43e541c8 r tab_seq
43e541d4 r CSWTCH.26
43e541f4 r block_drvr
43e54204 r __func__.6457
43e54218 r multipliers
43e54258 r fbase
43e54280 r __func__.6402
43e54290 r __func__.6413
43e5429b r __func__.6421
43e542a9 r __func__.6458
43e542b6 r __func__.6702
43e542cc r __func__.6516
43e542e6 r __func__.6541
43e542fd r __func__.6478
43e54314 r __func__.6730
43e5431e r __func__.6555
43e54338 r __func__.6530
43e5434f r __func__.6837
43e5435e r __func__.6815
43e5436e r __func__.6636
43e5437c r __func__.6623
43e54394 r __func__.6607
43e543a8 r __func__.6674
43e543bb r __func__.6647
43e543ce r __func__.6584
43e543e2 r __func__.6854
43e543f0 r __func__.6694
43e54402 r __func__.6568
43e54415 r __func__.6870
43e54433 r __func__.6436
43e54441 r __func__.6395
43e54459 r __func__.6404
43e54470 r __func__.6598
43e54485 r __func__.6425
43e5449d r __func__.6519
43e544ad r __func__.6529
43e544bc r __func__.6677
43e544c6 r __func__.6687
43e544d0 r __func__.6696
43e544da r __func__.6735
43e544e4 r __func__.7139
43e544f6 r __func__.7127
43e54506 r __func__.7099
43e54515 r __func__.7041
43e54520 r __func__.6973
43e54530 r __func__.6950
43e5453f r __func__.6924
43e5454a r __func__.6906
43e54555 r __func__.6888
43e54560 r __func__.6870
43e54571 r __func__.6846
43e5457b r __func__.6831
43e5458d r __func__.6577
43e545a5 r __func__.6556
43e545c0 r __func__.6793
43e545cf r __func__.6771
43e545dd r __func__.6750
43e545f0 r __func__.6711
43e545ff r __func__.6664
43e5460d r __func__.6467
43e54629 r __func__.6991
43e54634 r __func__.7070
43e54643 r __func__.7020
43e54652 r __func__.6546
43e54665 r __func__.6562
43e5467d r __func__.6384
43e54691 r __func__.6423
43e546a2 r __func__.6453
43e546b8 r __func__.6405
43e546c9 r __func__.6435
43e546dc r __func__.6487
43e54700 r sgachar_string
43e54710 r __func__.6553
43e5472e r __func__.6598
43e5474b r __func__.6610
43e54768 r CSWTCH.55
43e5476b r _cPnlVer
43e5477b r CSWTCH.82
43e5478c r CSWTCH.99
43e5479d r CSWTCH.101
43e547ae r __func__.5692
43e547c1 r __func__.5696
43e54800 r __func__.5706
43e54818 r gpio_table
43e55940 r CSWTCH.4
43e55948 r CSWTCH.6
43e55950 r CSWTCH.8
43e55a18 r ge_IPSlot
43e55a24 r CSWTCH.4
43e55a60 r ge_PORTSlot
43e55a6c r ge_PADSlot
43e55a78 r __func__.7072
43e55a88 r tNandHalRaw
43e55aa0 r tNandHalPatch
43e55abc r sgau8_JEDEC
43e55ac1 r sgau8_ONFI
43e55ac8 r seq
43e55c58 r aau8_half_delay_cell
43e55d68 R u8FSTYPE
43e55e68 r __FUNCTION__.6554
43e55e79 r __FUNCTION__.6408
43e55e84 R nand_manuf_ids
43e55ed4 R nand_flash_ids
43e56594 r nand_ecc_precalc_table
43e56694 r __FUNCTION__.7135
43e566a5 r __FUNCTION__.7720
43e566b3 r __FUNCTION__.7480
43e566c5 r __func__.7813
43e566d5 r __func__.7861
43e566e9 r __FUNCTION__.7916
43e566f8 r __func__.6761
43e5670b r __func__.6739
43e56713 r __func__.6749
43e5671e r __func__.6718
43e56727 r __func__.6773
43e5673a r __func__.6786
43e56743 r __func__.6703
43e5674e r __func__.6805
43e56764 r __func__.6750
43e56771 r __func__.6774
43e5677e r __func__.6793
43e56792 r __func__.6784
43e5679b r __func__.6710
43e567ad r __func__.6729
43e567bf r __func__.6702
43e567cf r __func__.6738
43e567dc r __func__.6658
43e567e8 r __func__.6769
43e567f9 r __func__.6806
43e5680b r __func__.6791
43e56817 r __func__.6826
43e5682c r __func__.6845
43e56846 r __func__.6862
43e56857 r __func__.6892
43e56869 r __func__.6711
43e56877 r __func__.6687
43e56883 r __func__.6698
43e56890 r __func__.6741
43e568a2 r __func__.6730
43e568ae r patterns
43e568b1 r __func__.6748
43e568bf r __func__.6755
43e568cf r __func__.6776
43e568e2 r __func__.6763
43e568f2 r __func__.6812
43e56906 r __func__.6799
43e56917 r __func__.6707
43e5691f r __func__.6658
43e5692b r __func__.6849
43e56940 r __func__.6807
43e5694b r __func__.6871
43e56958 r __func__.6771
43e56967 r __FUNCTION__.6785
43e56976 r __func__.6882
43e56985 r __func__.6890
43e56996 r __func__.6919
43e569a1 r __func__.6981
43e569b2 r __func__.6696
43e569c3 r __FUNCTION__.6684
43e569cf r __func__.6755
43e569e1 r __func__.6731
43e569ee r __func__.6799
43e56a01 r __func__.6825
43e56a17 r __func__.6836
43e56a24 r crc32table_le
43e56e24 r filesystems
43e56e3c r __func__.8233
43e56e4a r __func__.8182
43e56e5b r __func__.8288
43e56e66 r __func__.8271
43e56e6f r __func__.8204
43e56e78 r year_lengths.6257
43e56e80 r mon_lengths.6256
43e56ee0 r day_name.6250
43e56ef5 r mon_name.6251
43e56f19 r __func__.8216
43e56f28 r __func__.8327
43e56f33 r __func__.8303
43e56f40 r __func__.8083
43e56f4e r __func__.8099
43e56f5f r __func__.8115
43e56f6a r __func__.8137
43e56f7a r __func__.8122
43e56f7f r __func__.8105
43e56f8e r __func__.8134
43e56f99 r __func__.8236
43e56fa6 r __func__.8217
43e56fb7 r __func__.8144
43e56fcc r __func__.8186
43e57028 r __func__.8101
43e5703e r __func__.8087
43e5704a r __func__.8105
43e5705c r __func__.8098
43e5706c r __func__.8115
43e57080 r __func__.8205
43e5708f r __func__.8198
43e5709d r __func__.8295
43e570ae r __func__.8313
43e570b9 r __func__.8103
43e570cb r __func__.8115
43e570dc r __func__.8145
43e570f5 r __func__.8159
43e57100 r __func__.8095
43e5710f r __func__.8184
43e5711d r __func__.8412
43e57131 r __func__.8399
43e57144 r __func__.8135
43e5714f r __func__.8173
43e57164 R crc16_table
43e57364 r __func__.7820
43e57374 r __func__.8125
43e57384 r __func__.7820
43e57394 r __func__.8137
43e573ae r __func__.8219
43e573c0 r __func__.8241
43e573cd r __func__.8252
43e573e3 r __func__.8289
43e573f8 r __func__.8173
43e57404 r __func__.8207
43e57419 r __func__.8351
43e5742e r __func__.8318
43e5743d r __func__.8307
43e5744a r __func__.8221
43e57455 r __func__.8195
43e57461 r __FUNCTION__.8248
43e5746c r __func__.8260
43e5747c R crc7_syndrome_table
43e5757c r crc16_tab
43e5777c r crc_table
43e57b7c r names.5698
43e57b82 R _ctype
43e57c82 r digits.5687
43e57c92 R hex_asc
43e57ca4 r lext.5925
43e57ce2 r lbase.5924
43e57d20 r dext.5927
43e57d60 r dbase.5926
43e57da0 r lenfix
43e585a0 r distfix
43e58620 r order.6020
43e58648 R z_errmsg
43e58676 r __func__.5689
43e5868c r __FUNCTION__.6187
43e5869e r lzop_magic
43e67e4c D version
43e67e6c D init_sequence
43e67e90 d cmd_bootm_sub
43e67f38 d dp_last_length
43e67f3c D curr_device
43e67f40 d cmd_env_sub
43e68000 d env_id
43e68004 D load_addr
43e68008 d av_
43e68410 d sbrk_base
43e68414 d trim_threshold
43e68418 d mmap_threshold
43e6841c D mmc_env_name_spec
43e68420 D nand_env_name_spec
43e68424 D stdio_names
43e68430 d cur_dev_num
43e68434 D tPanelHSD_070I_3459__MST786_HZCAR
43e68490 D tPanelHSD_070I_3210__MST786_HZCAR
43e684ec D tPanelHSD_062I_DW1__MST786_SZDEMO
43e68548 D tPanelHSD_070I_DW2_MST786_SZDEMO
43e685a4 D tPanelHSD_070P_LVDS_800480
43e68600 D tPanelN070ICG_LD1_MST154A
43e6865c D tPanelHSD_062I_DW2__MST786_SZDEMO
43e686b8 D tPanelHSD_070I_DW1__MST786_MODE2
43e68714 D tPanelHSD_070P_FW3_MST154A
43e68770 D tPanelHSD_070I_DW1_MST154A_D02A
43e687cc d sgu32_IfReadyGuard
43e687d0 D fbase
43e687e0 D multipliers
43e68820 D gau16_FCIEClkSel
43e68834 D gpas8_eMMCPartName
43e68880 D g_IPanel
43e688ec D _u8MOD_CALI_TARGET
43e688ed D _u8MOD_CALI_VALUE
43e688f0 d _eDrvPnlInitOptions
43e688f4 d _unfd_nand_bbt_descr
43e68918 d _unfd_bbt_main_descr
43e6893c d _unfd_bbt_mirror_descr
43e68960 d scan_ff_pattern
43e68961 d bbt_pattern
43e68965 d mirror_pattern
43e6896c d pNandHal
43e68970 D PairedPageMap_Hynix_MSB
43e68a70 D PairedPageMap_Hynix_LSB
43e68b70 D nand_curr_device
43e68b74 d bbt_main_descr
43e68b98 d bbt_mirror_descr
43e68bbc d agand_flashbased
43e68be0 d bbt_main_no_bbt_descr
43e68c04 d bbt_mirror_no_bbt_descr
43e68c28 d scan_ff_pattern
43e68c2a d bbt_pattern
43e68c2e d mirror_pattern
43e68c32 d scan_agand_pattern
43e68c38 d nand_oob_8
43e68e80 d nand_oob_16
43e690c8 d nand_oob_64
43e69310 d nand_oob_128
43e69558 D file_cwd
43e69758 d current_filesystem
43e6975c d lzo_compr
43e6976c d zlib_compr
43e6977c d none_compr
43e6978c d ubifs_fs_type
43e697b8 A __u_boot_cmd_start
43e697b8 D __u_boot_cmd_bdinfo
43e697d0 D __u_boot_cmd_reset
43e697e8 D __u_boot_cmd_go
43e69800 D __u_boot_cmd_bootm
43e69818 D __u_boot_cmd_dcache
43e69830 D __u_boot_cmd_icache
43e69848 D __u_boot_cmd_fatinfo
43e69860 D __u_boot_cmd_fatls
43e69878 D __u_boot_cmd_fatload
43e69890 D __u_boot_cmd_question_mark
43e698a8 D __u_boot_cmd_help
43e698c0 D __u_boot_cmd_mtest
43e698d8 D __u_boot_cmd_loop
43e698f0 D __u_boot_cmd_base
43e69908 D __u_boot_cmd_crc32
43e69920 D __u_boot_cmd_cmp
43e69938 D __u_boot_cmd_cp
43e69950 D __u_boot_cmd_mw
43e69968 D __u_boot_cmd_nm
43e69980 D __u_boot_cmd_mm
43e69998 D __u_boot_cmd_md
43e699b0 D __u_boot_cmd_mmc
43e699c8 D __u_boot_cmd_mmcinfo
43e699e0 D __u_boot_cmd_emmc
43e699f8 D __u_boot_cmd_emmc_cis
43e69a10 D __u_boot_cmd_ubimmc
43e69a28 D __u_boot_cmd_fatread
43e69a40 D __u_boot_cmd_cis
43e69a58 D __u_boot_cmd_parseSCA_MMAP
43e69a70 D __u_boot_cmd_scfgenv
43e69a88 D __u_boot_cmd_dstar
43e69aa0 D __u_boot_cmd_mstar
43e69ab8 D __u_boot_cmd_mtdparts
43e69ad0 D __u_boot_cmd_chpart
43e69ae8 D __u_boot_cmd_nboot
43e69b00 D __u_boot_cmd_nand
43e69b18 D __u_boot_cmd_run
43e69b30 D __u_boot_cmd_setenv
43e69b48 D __u_boot_cmd_printenv
43e69b60 D __u_boot_cmd_env
43e69b78 D __u_boot_cmd_saveenv
43e69b90 D __u_boot_cmd_ubi
43e69ba8 D __u_boot_cmd_ubifsload
43e69bc0 D __u_boot_cmd_ubifsls
43e69bd8 D __u_boot_cmd_ubifsumount
43e69bf0 D __u_boot_cmd_ubifsmount
43e69c08 D __u_boot_cmd_version
43e69c20 D __u_boot_cmd_bootcheck
43e69c38 D __u_boot_cmd_devinfo
43e69c50 D __u_boot_cmd_nor
43e69c68 A __image_copy_end
43e69c68 A __u_boot_cmd_end
43e69c68 B __bss_start
43e69c68 B env_ptr
43e69c68 R __rel_dyn_start
43e69c6c B monitor_flash_len
43e69c70 b params
43e69c78 B images
43e69da4 b base_address
43e69da8 b dp_last_addr
43e69dac b dp_last_size
43e69db0 b mm_last_addr
43e69db4 b mm_last_size
43e69db8 b scfg_token_buf
43e69eb8 b scfg_fpos
43e69ebc b scfg_fsize
43e69ec0 b init_sdcard_flag
43e69ec4 b _tmp_buf
43e69fc4 B tmp_buf
43e6a1c4 B current_mtd_dev
43e6a1c8 B devices
43e6a1d0 B current_mtd_partnum
43e6a1d1 b last_partition
43e6a1e1 b last_parts
43e6a3e4 B mtdids
43e6a3ec b initialized.6850
43e6a3f0 b last_ids
43e6a470 B nand_env_oob_offset
43e6a478 b last.6597
43e6a480 B save_size
43e6a484 B save_addr
43e6a488 b ubi
43e6a48c b ubi_dev
43e6a4e8 b ubi_initialized
43e6a4ec b buffer
43e6a53c b ubifs_mounted
43e6a540 b ubifs_initialized
43e6a544 b ctrlc_disabled
43e6a548 b ctrlc_was_pressed
43e6a54c B mem_malloc_brk
43e6a550 B mem_malloc_start
43e6a554 B mem_malloc_end
43e6a558 b current_mallinfo
43e6a580 b top_pad
43e6a584 b max_sbrked_mem
43e6a588 b max_total_mem
43e6a58c b n_mmaps_max
43e6a590 B env_htab
43e6a59c B console_buffer
43e6a79d b lastcommand.5751
43e6a9a0 b devs
43e6a9dc B stdio_devices
43e6a9e8 b xyz
43e6ae24 b ddesc
43e6b024 b mpart
43e6b224 b mmc_devices
43e6b280 b sg_pMbxRegs
43e6b284 b su8_IfNotBuildDDR.6798
43e6b286 b sgau16_eMMCDebugBus
43e6b34e b sgau16_eMMCDebugReg
43e6b416 b u8_IfToggleDataSync.6444
43e6b420 b g_eMMCTestAlignPack_t
43e6b440 B g_eMMCDrv
43e6b540 b gau8_RBuf_DDR
43e6c540 b gau8_WBuf_DDR
43e6d540 b sg_DDRTWindow
43e6d560 B gau8_eMMC_SectorBuf
43e71560 B gau8_eMMC_PartInfoBuf
43e71760 b m_PanelInfo
43e717a8 b m_XCPaneRawData
43e71804 b m_ppAllGammaTbls
43e71808 b _stPnl_ApiStatus
43e7180a b _u16DbgSwitch
43e7180c b g_bForceInitOneShotFlag
43e7180d b _bSkipTimingChange
43e71810 b _stPnl_DrvStatus
43e71812 b _u16PnlDbgSwitch
43e71814 B _stPnlInitData
43e71854 B g_bDrvPnl_UseTConTable_Mod
43e71858 B gu32PMRiuBaseAddr
43e7185c b _u16PnlDbgSwitch
43e7185e B _u8MOD_LVDS_Pair_Type
43e7185f B _u8MOD_LVDS_Pair_Shift
43e71860 B _usMOD_CALI_OFFSET
43e71864 B gu32PnlRiuBaseAddr
43e71868 B dwNorVendor
43e7186c B g_SectorCunt
43e71870 B g_PagePerSector
43e71874 B g_BlockSize
43e71878 B g_WPRange
43e7187c B dwSpiClk
43e71880 b gePort
43e7188c b gb_StopWProc
43e71890 b gst_RspStruct
43e718fc b gb_SDIOClk
43e71900 b gu16_SD_MODE_DatLine
43e71906 b gu16_SD_MODE_DatSync
43e7190c b gu16_SD_CTL_SDIO_Det
43e71912 b gu16_WT_NAC
43e71918 b ge_IOMode
43e71924 b gb_HSpeed
43e71928 b gu32_DevSlotDev
43e71950 b u32_UnfdRet
43e71954 b s32_ECCStatus
43e71958 b u32_CIFDIdx
43e7195c b u32_CurRow
43e71960 b u32_CurCol
43e71964 b u16_ByteIdxofPage
43e71968 b u32_WriteLen
43e7196c b unfd_nand_oob_custom
43e71bb4 b au16_NandDebugBusReg
43e71c7c b au16_NandDebugReg
43e71d44 B au8_ParamBuf
43e71f80 b g_TestAlignPack_t
43e72000 B gu8_unfd_disable_uart
43e72004 B sg_NandDrv
43e72100 b u32_TestBlk
43e72104 b au16_ReadPageBuf
43e72108 b au8_ReadSpareBuf
43e72308 b au16_WritePageBuf
43e7230c b reg_sdio_mod
43e7230e b reg_sdio_ctl
43e72310 b reg_mie_evt_en
43e72314 B gau32_PartInfo
43e72580 b drvNandPageBuf
43e72958 R __dynsym_start
43e72958 R __rel_dyn_end
43e72a28 A _end
43e74580 b drvNandSpareBuf
43e74780 B ga_tPairedPageMap
43e74f80 B mtd_table
43e75000 B mtd_partitions
43e75008 B nand_info
43e750b0 b dev_name
43e750b8 b total_nand_size
43e750c0 b nand_chip
43e751e8 B ubi_devices
43e75268 b mtd_devs
43e7526c B ubi_class
43e75270 b mtd_dev_param
43e75af0 b empty_vtbl_record
43e75b9c b vid_hdr.6725
43e75ba0 b ech
43e75ba4 b vidh
43e75ba8 b cur_dev
43e75bac b cur_part_info
43e75bf8 B get_vfatname_block
43e85bf8 B get_dentfromdir_block
43e95bf8 b cur_part_nr
43e95bfc B do_fat_read_block
43ea5bfc B ubifs_compressors
43ea5c08 b inodes_locked_down
43ea5d08 B ubifs_sb
43ea5d0c B ubifs_infos
43ea5d14 B errno
43ea5d18 B ___strtok
43ea5d1c b local.5814
43ea5d34 B __bss_end__
