apiPNL.c:584:13:_MApi_XC_DumpPanelData	0	static
apiPNL.c:598:14:_EmptyMethod	0	static
apiPNL.c:605:12:_getPanelHstart	0	static
apiPNL.c:606:12:_getPanelVstart	0	static
apiPNL.c:607:5:_getPanelWidth	0	static
apiPNL.c:608:5:_getPanelHeight	0	static
apiPNL.c:609:12:_getPanelhtotal	0	static
apiPNL.c:610:12:_getPanelVtotal	0	static
apiPNL.c:611:12:_getPanelMinSET	0	static
apiPNL.c:612:12:_getPanelMaxSET	0	static
apiPNL.c:614:12:_getPanelDefVFreq	0	static
apiPNL.c:615:11:_getPanel_LPLL_Mode	0	static
apiPNL.c:616:11:_getPanel_LPLL_Type	0	static
apiPNL.c:618:11:_getPanelHSyncWidth	0	static
apiPNL.c:619:11:_getPanelHSyncBackPorch	0	static
apiPNL.c:620:11:_getPanelVSyncBackPorch	0	static
apiPNL.c:622:12:_getPanelOnTiming	0	static
apiPNL.c:638:12:_getPanelOffTiming	0	static
apiPNL.c:654:11:_getPanelDimCTRL	0	static
apiPNL.c:671:29:_getPanelName	0	static
apiPNL.c:672:29:_getPanel_ARC	0	static
apiPNL.c:673:26:_getGammaTbl	0	static
apiPNL.c:674:32:_getOutTimingMode	0	static
apiPNL.c:704:11:_SetGammaTbl	0	static
apiPNL.c:725:11:_SetGammaValue	0	static
apiPNL.c:676:11:_EnablePanel	16	static
apiPNL.c:157:11:_SavePanelParams_User	24	static
apiPNL.c:316:11:_SetPanelParams	72	static
apiPNL.c:590:6:_SetSSC	0	static
apiPNL.c:822:4:MApi_PNL_GetStatus	0	static
apiPNL.c:831:4:MApi_PNL_SetDbgLevel	8	static
apiPNL.c:842:4:MApi_PNL_IOMapBaseInit	8	static
apiPNL.c:877:5:MApi_PNL_PreInit	8	static
apiPNL.c:907:4:MApi_PNL_Init	16	static
apiPNL.c:944:7:MApi_PNL_SetForceInitOneShotFlag	0	static
apiPNL.c:949:4:MApi_PNL_Control_Out_Swing	0	static
apiPNL.c:954:6:MApi_PNL_SetOutput	8	static
apiPNL.c:991:4:MApi_PNL_ChangePanelType	8	static
apiPNL.c:1008:4:MApi_PNL_TCONMAP_DumpTable	8	static
apiPNL.c:1039:4:MApi_PNL_TCONMAP_Power_Sequence	8	static
apiPNL.c:1049:6:MApi_PNL_SetOutputPattern	0	static
apiPNL.c:1057:6:MApi_PNL_TCON_Count_Reset	0	static
apiPNL.c:1062:6:MApi_PNL_TCON_Init	0	static
apiPNL.c:1068:4:MApi_PNL_GetDstInfo	72	static
apiPNL.c:1116:6:MApi_Mod_Calibration_Setting	0	static
apiPNL.c:1123:4:MApi_Mod_Do_Calibration	8	static
apiPNL.c:1135:6:MApi_BD_LVDS_Output_Type	0	static
apiPNL.c:1142:5:MApi_PNL_SetSSC_En	8	static
apiPNL.c:1154:5:MApi_PNL_SetSSC_Fmodulation	8	static
apiPNL.c:1169:5:MApi_PNL_SetSSC_Rdeviation	8	static
apiPNL.c:1180:6:MApi_PNL_SetLPLLTypeExt	0	static
apiPNL.c:1185:6:MApi_PNL_Init_MISC	0	static
apiPNL.c:1190:6:MApi_PNL_MOD_OutputConfig_User	0	static
apiPNL.c:1203:15:MApi_PNL_SkipTimingChange	8	static
apiPNL.c:1220:6:MApi_PNL_HWLVDSReservedtoLRFlag	24	static
apiPNL.c:1239:15:MApi_PNL_OverDriver_Enable	8	static
apiPNL.c:1248:6:MApi_MOD_PVDD_Power_Setting	0	static
apiPNL.c:1259:4:MApi_PNL_SetDiffSwingLevel	0	static
apiPNL.c:1268:4:MApi_Pnl_Get_LPLL_Type	0	static
apiPNL.c:1281:4:MApi_PNL_SetGammaTbl	0	static
