drvpnl.c:304:12:MDrv_PNL_GetLibVer	0	static
drvpnl.c:309:4:MDrv_PNL_GetStatus	0	static
drvpnl.c:316:4:MDrv_PNL_SetDbgLevel	8	static
drvpnl.c:326:4:MDrv_PNL_Control_Out_Swing	0	static
drvpnl.c:331:12:MDrv_PNL_PreInit	8	static
drvpnl.c:341:5:MDrv_PNL_CalculateLPLLSETbyDClk	40	static
drvpnl.c:404:12:MDrv_PNL_Init	8	static
drvpnl.c:438:12:MDrv_PNL_SetPanelType	16	static
drvpnl.c:460:12:MDrv_PNL_Close	0	static
drvpnl.c:635:12:MDrv_PNL_En	0	static
drvpnl.c:649:12:MDrv_PNL_SetSSC	32	static
drvpnl.c:675:6:MDrv_PNL_SetOutputPattern	0	static
drvpnl.c:682:6:MDrv_PNL_SetOutputType	8	static
drvpnl.c:688:6:MDrv_PNL_TCON_DumpSCRegTab	20	static
drvpnl.c:740:6:MDrv_PNL_TCON_DumpMODRegTab	24	static
drvpnl.c:798:6:MDrv_PNL_TCON_DumpGENRegTab	24	static
drvpnl.c:911:6:MDrv_PNL_TCON_Count_Reset	0	static
drvpnl.c:916:6:MDrv_PNL_TCON_Init	0	static
drvpnl.c:922:4:MDrv_PNL_GetDataFromRegister	8	static
drvpnl.c:949:6:MDrv_PNL_SetSSC_En	8	static
drvpnl.c:956:6:MDrv_PNL_SetSSC_Fmodulation	24	static
drvpnl.c:977:6:MDrv_PNL_SetSSC_Rdeviation	16	static
drvpnl.c:994:6:MDrv_Mod_Calibration_Init	0	static
drvpnl.c:999:6:MDrv_BD_LVDS_Output_Type	0	static
drvpnl.c:1004:4:MDrv_PNL_SkipTimingChange_GetCaps	0	static
drvpnl.c:1009:6:MDrv_PNL_HWLVDSReservedtoLRFlag	8	static
drvpnl.c:1014:6:MDrv_PNL_OverDriver_Init	0	static
drvpnl.c:1028:6:MDrv_PNL_OverDriver_Enable	0	static
drvpnl.c:1036:4:MDrv_PNL_Is_SupportFRC	0	static
drvpnl.c:1041:6:MDrv_PNL_Dump	0	static
drvpnl.c:1048:5:MDrv_PNL_Get_Width	0	static
drvpnl.c:1052:5:MDrv_PNL_Get_Height	0	static
