nand_base.c:155:13:nand_release_device	8	static
nand_base.c:169:9:nand_read_byte	0	static
nand_base.c:182:16:nand_read_byte16	0	static
nand_base.c:195:12:nand_read_word	0	static
nand_base.c:232:6:nand_write_buf	8	static
nand_base.c:249:6:nand_read_buf	0	static
nand_base.c:266:12:nand_verify_buf	8	static
nand_base.c:285:6:nand_write_buf16	8	static
nand_base.c:305:6:nand_read_buf16	8	static
nand_base.c:324:12:nand_verify_buf16	8	static
nand_base.c:456:12:nand_check_wp	16	static
nand_base.c:819:12:nand_read_page_raw	16	static
nand_base.c:836:12:nand_read_page_raw_syndrome	32	static
nand_base.c:877:12:nand_read_page_swecc	48	static
nand_base.c:919:12:nand_read_subpage	48	static
nand_base.c:1007:12:nand_read_page_hwecc	48	static
nand_base.c:1057:12:nand_read_page_hwecc_oob_first	40	static
nand_base.c:1102:12:nand_read_page_syndrome	32	static
nand_base.c:1382:12:nand_read_oob_std	16	static
nand_base.c:1401:12:nand_read_oob_syndrome	48	static
nand_base.c:1438:12:nand_write_oob_std	24	static
nand_base.c:1462:12:nand_write_oob_syndrome	64	static
nand_base.c:1662:13:nand_write_page_raw	16	static
nand_base.c:1677:13:nand_write_page_raw_syndrome	32	static
nand_base.c:1714:13:nand_write_page_swecc	48	static
nand_base.c:1740:13:nand_write_page_hwecc	40	static
nand_base.c:1771:13:nand_write_page_syndrome	32	static
nand_base.c:2189:13:single_erase_cmd	16	static
nand_base.c:2205:13:multi_erase_cmd	16	static
nand_base.c:2402:13:nand_sync	0	static
nand_base.c:479:12:nand_block_checkbad	40	static
nand_base.c:2419:12:nand_block_isbad	24	static
nand_base.c:2433:12:nand_block_markbad	24	static
nand_base.c:1815:12:nand_write_page	32	static
nand_base.c:346:12:nand_block_bad	32	static
nand_base.c:769:12:nand_wait	24	static
bitops.h:12:19:generic_ffs	0	static
nand_base.c:208:13:nand_select_chip	8	static
nand_base.c:1869:17:nand_fill_oob	24	static
nand_base.c:2067:12:nand_do_write_oob	56	static
nand_base.c:398:12:nand_default_block_markbad	56	static
nand_base.c:1920:12:nand_do_write_ops	88	static
nand_base.c:2145:12:nand_write_oob	32	static
nand_base.c:2032:12:nand_write	40	static
nand_base.c:1154:17:nand_transfer_oob	24	static
nand_base.c:502:6:nand_wait_ready	16	static
nand_base.c:1204:12:nand_do_read_ops	96	static
nand_base.c:1616:12:nand_read_oob	72	static
nand_base.c:1348:12:nand_read	40	static
nand_base.c:528:13:nand_command	24	static
nand_base.c:633:13:nand_command_lp	32	static
nand_base.c:2237:5:nand_erase_nand	72	static
nand_base.c:2223:12:nand_erase	0	static
nand_base.c:2953:5:nand_scan_ident	64	static
nand_base.c:3022:5:nand_scan_tail	24	static
nand_base.c:3281:5:nand_scan	8	static
nand_base.c:3295:6:nand_release	8	static
