drvNAND_platform.c:1056:12:nand_probe_ddr	16	static
drvNAND_platform.c:1112:12:3	24	static
drvNAND_platform.c:25:5:nand_hw_timer_delay	8	static
drvNAND_platform.c:62:5:nand_pads_init	0	static
drvNAND_platform.c:279:5:nand_pads_switch	0	static
drvNAND_platform.c:400:5:nand_clock_setting	0	static
drvNAND_platform.c:530:6:nand_DumpPadClk	0	static
drvNAND_platform.c:563:5:nand_config_timing	40	static
drvNAND_platform.c:753:5:nand_find_timing	304	static
drvNAND_platform.c:1155:5:nand_detect_ddr_timing	2600	static
drvNAND_platform.c:1481:5:nand_config_clock	368	static
drvNAND_platform.c:1551:6:nand_set_WatchDog	0	static
drvNAND_platform.c:1556:6:nand_reset_WatchDog	0	static
drvNAND_platform.c:1568:6:nand_lock_fcie	8	static
drvNAND_platform.c:1603:6:nand_unlock_fcie	0	static
drvNAND_platform.c:1615:5:nand_translate_DMA_address_Ex	8	static
drvNAND_platform.c:1634:6:nand_flush_miu_pipe	0	static
drvNAND_platform.c:1683:7:drvNAND_get_DrvContext_address	0	static
drvNAND_platform.c:1687:7:drvNAND_get_DrvContext_PartInfo	0	static
drvNAND_platform.c:1753:5:drvNAND_CHECK_FLASH_TYPE	16	static
drvNAND_platform.c:2066:5:NC_PlatformResetPre	0	static
drvNAND_platform.c:2072:5:NC_PlatformResetPost	0	static
drvNAND_platform.c:2113:5:NC_PlatformInit	16	static
drvNAND_platform.c:2144:6:drvNAND_BIST_Test	17584	dynamic,bounded
drvNAND_platform.c:2242:6:drvNAND_Stable_Test	18096	dynamic,bounded
