wl.c:328:12:in_wl_tree	8	static
wl.c:1336:13:tree_destroy	8	static
ubi.h:573:20:ubi_free_vid_hdr	0	static
wl.c:414:29:find_wl_entry	16	static
wl.c:251:12:do_work	8	static
wl.c:972:12:ensure_wear_leveling	16	static
wl.c:551:12:prot_tree_del	16	static
wl.c:216:13:wl_tree_add	0	static
wl.c:369:13:prot_tree_add	32	static
ubi.h:612:20:ubi_ro_mode	0	static
wl.c:1423:13:cancel_pending	16	static
wl.c:721:12:schedule_erase	16	static
wl.c:751:12:wear_leveling_worker	40	static
wl.c:1040:12:erase_worker	56	static
wl.c:446:5:ubi_wl_get_peb	24	static
wl.c:1158:5:ubi_wl_put_peb	32	static
wl.c:1237:5:ubi_wl_scrub_peb	24	static
wl.c:1296:5:ubi_wl_flush	8	static
wl.c:1367:5:ubi_thread	24	static
wl.c:1445:5:ubi_wl_init_scan	32	static
wl.c:1598:6:ubi_wl_close	16	static
