drvNAND_utl.c:22:5:drvNAND_ProbeReadSeq	16	static
drvNAND_utl.c:121:6:drvNAND_ParseNandInfo	16	static
drvNAND_utl.c:456:5:drvNAND_CheckAlignPack	0	static
drvNAND_utl.c:506:6:dump_mem	0	static
drvNAND_utl.c:514:6:dump_nand_info	0	static
drvNAND_utl.c:544:6:dump_part_records	0	static
drvNAND_utl.c:561:6:dump_general_blk_info	0	static
drvNAND_utl.c:569:6:dump_part_info	0	static
drvNAND_utl.c:585:6:dump_miu_records	0	static
drvNAND_utl.c:598:6:dump_miu_part	0	static
drvNAND_utl.c:611:6:dump_nand_driver	0	static
drvNAND_utl.c:663:4:drvNAND_CountBits	0	static
drvNAND_utl.c:677:5:drvNAND_CheckSum	0	static
drvNAND_utl.c:81:5:drvNAND_CheckPartInfo	32	static
drvNAND_utl.c:688:5:drvNAND_CompareCISTag	0	static
drvNAND_utl.c:176:5:drvNAND_SearchCIS	40	static
drvNAND_utl.c:702:21:drvNAND_SearchPartition	16	static
drvNAND_utl.c:720:5:drvNAND_IsGoodBlk	24	static
drvNAND_utl.c:746:4:drvNAND_CheckAll0xFF	0	static
drvNAND_utl.c:758:5:drvNAND_IsFreeBlk	40	static
drvNAND_utl.c:794:5:drvNAND_FindFreePage	48	static
drvNAND_utl.c:898:5:drvNAND_ReadBlk	40	static
drvNAND_utl.c:1026:5:drvNAND_WriteBlkNonBackup	56	static
drvNAND_utl.c:1405:5:drvNAND_ErasePhyBlk	8	static
drvNAND_utl.c:1370:5:drvNAND_MarkBadBlk	144	static
drvNAND_utl.c:866:5:drvNAND_MoveBlkData	40	static
drvNAND_utl.c:357:5:drvNAND_InitBBT	64	static
drvNAND_utl.c:1096:5:drvNAND_WriteBlk	80	static
drvNAND_utl.c:1413:5:drvNAND_ReadPhyPage	0	static
drvNAND_utl.c:1418:5:drvNAND_WritePhyPage	0	static
