drvNAND_hal.c:2130:5:NC_PageCopy_Patch	0	static
drvNAND_hal.c:2858:6:NC_ReadSector_RIUMode_Patch	0	static
drvNAND_hal.c:3264:5:NC_Read_RandomIn_Patch	0	static
drvNAND_hal.c:143:6:NC_ConfigHal	0	static
drvNAND_hal.c:161:5:NC_WritePages	8	static
drvNAND_hal.c:166:5:NC_ReadPages	8	static
drvNAND_hal.c:171:5:NC_PageCopy	16	static
drvNAND_hal.c:176:6:NC_ReadSectors	16	static
drvNAND_hal.c:181:6:NC_ReadSector_RIUMode	8	static
drvNAND_hal.c:186:5:NC_Read_RandomIn	8	static
drvNAND_hal.c:255:6:NC_DumpDebugBus	32	static
drvNAND_hal.c:313:6:NC_DumpNandStr	0	static
drvNAND_hal.c:366:6:NC_DumpRegisters	8	static
drvNAND_hal.c:496:5:NC_ResetFCIE	24	static
drvNAND_hal.c:218:5:NC_wait_MIULastDone	24	static
drvNAND_hal.c:192:5:NC_waitFifoClkReady	24	static
drvNAND_hal.c:616:5:NC_ConfigContext	16	static
drvNAND_hal.c:978:5:NC_ReInit	8	static
drvNAND_hal.c:1102:6:NC_Config	8	static
drvNAND_hal.c:1143:6:NC_ReConfig	16	static
drvNAND_hal.c:2275:6:NC_GetECCBits	0	static
drvNAND_hal.c:4543:5:NC_CheckEWStatus	8	static
drvNAND_hal.c:4633:6:NC_SendCmdForLADebug	8	static
drvNAND_hal.c:4651:5:NC_WaitComplete_RM	32	static
drvNAND_hal.c:4676:5:NC_WaitComplete	32	static
drvNAND_hal.c:4584:5:NC_ResetNandFlash	16	static
drvNAND_hal.c:4401:5:NC_ProbeReadSeq	24	static
drvNAND_hal.c:4351:5:NC_FCIE4SetInterface	32	static
drvNAND_hal.c:4263:5:NC_DetectDDRTiming	56	static
drvNAND_hal.c:4459:5:NC_EraseBlk	24	static
drvNAND_hal.c:4747:6:NC_SetCIFD_Const	24	static
drvNAND_hal.c:4777:6:NC_SetCIFD	24	static
drvNAND_hal.c:3352:5:NC_Write_RandomOut	40	static
drvNAND_hal.c:3100:6:NC_WritePage_RIUMode	40	static
drvNAND_hal.c:2709:6:NC_WriteSectors	32	static
drvNAND_hal.c:1370:5:NC_WritePages_Raw	40	static
drvNAND_hal.c:1206:5:NC_WritePages_Patch	40	static
drvNAND_hal.c:3589:12:7	32	static
drvNAND_hal.c:4810:6:NC_GetCIFD	20	static
drvNAND_hal.c:3764:12:NC_RandomIn_1Cmd1Addr	40	static
drvNAND_hal.c:4203:12:NC_ProbeIfToggleDDR_Ex	48	static
drvNAND_hal.c:4239:5:NC_ProbeIfToggleDDR	16	static
drvNAND_hal.c:4081:12:NC_ProbeIfONFIDDR_Ex	40	static
drvNAND_hal.c:4129:5:NC_ProbeIfONFIDDR	8	static
drvNAND_hal.c:4152:5:NC_ReadToggleParamPage	24	static
drvNAND_hal.c:4020:5:NC_ReadONFIParamPage	24	static
drvNAND_hal.c:3716:5:NC_SetToggleDDRMode	24	static
drvNAND_hal.c:3661:5:NC_SetONFISyncMode	32	static
drvNAND_hal.c:3457:5:NC_ReadID	48	static
drvNAND_hal.c:651:5:NC_Init	16	static
drvNAND_hal.c:3269:5:NC_Read_RandomIn_Raw	24	static
drvNAND_hal.c:2863:6:NC_ReadSector_RIUMode_Raw	56	static
drvNAND_hal.c:2494:6:NC_ReadSectors_Raw	48	static
drvNAND_hal.c:2135:5:NC_PageCopy_Raw	40	static
drvNAND_hal.c:1776:5:NC_ReadPages_Raw	64	static
drvNAND_hal.c:2286:6:NC_ReadSectors_Patch	40	static
drvNAND_hal.c:1523:5:NC_ReadPages_Patch	64	static
drvNAND_hal.c:4839:5:NC_ReadStatus	32	static
drvNAND_hal.c:4879:6:NC_CheckECC	16	static
