eMMC_hal.c:124:5:eMMC_FCIE_PollingEvents	32	static
eMMC_hal.c:115:5:eMMC_FCIE_WaitEvents	0	static
eMMC_hal.c:153:6:eMMC_FCIE_DumpDebugBus	32	static
eMMC_hal.c:391:6:eMMC_FCIE_CheckResetDone	32	static
eMMC_hal.c:561:6:eMMC_DumpDDRTTable	24	static
eMMC_hal.c:675:6:eMMC_FCIE_SetDDRTimingReg	8	static
eMMC_hal.c:684:6:eMMC_FCIE_ApplyDDRTSet	16	static
eMMC_hal.c:301:6:eMMC_FCIE_ErrHandler_RestoreClk	0	static
eMMC_hal.c:717:6:eMMC_FCIE_ClearEvents	16	static
eMMC_hal.c:732:5:eMMC_FCIE_WaitD0High_Ex	32	static
eMMC_hal.c:750:5:eMMC_FCIE_WaitD0High	16	static
eMMC_hal.c:767:5:eMMC_FCIE_FifoClkRdy	24	static
eMMC_hal.c:803:5:eMMC_FCIE_SendCmd	16	static
eMMC_hal.c:855:5:eMMC_FCIE_SendCmdttt	16	static
eMMC_hal.c:919:6:eMMC_FCIE_GetCIFC	0	static
eMMC_hal.c:204:6:eMMC_FCIE_DumpRegisters	24	static
eMMC_hal.c:231:6:eMMC_FCIE_ErrHandler_Stop	8	static
eMMC_hal.c:420:5:eMMC_FCIE_Reset	32	static
eMMC_hal.c:487:5:eMMC_FCIE_Init	8	static
eMMC_hal.c:245:5:eMMC_FCIE_ErrHandler_Retry	8	static
eMMC_hal.c:927:6:eMMC_FCIE_GetCIFD	0	static
eMMC_hal.c:1099:5:eMMC_CMD0	32	static
eMMC_hal.c:1130:5:eMMC_CMD1	24	static
eMMC_hal.c:1230:5:eMMC_CMD2	24	static
eMMC_hal.c:1443:5:eMMC_CMD9	40	static
eMMC_hal.c:1380:5:eMMC_CSD_Config	16	static
eMMC_hal.c:3346:5:eMMC_CheckR1Error	8	static
eMMC_hal.c:3247:5:eMMC_CMD24_CIFD	48	static
eMMC_hal.c:3111:5:eMMC_CMD24_MIU	64	static
eMMC_hal.c:3098:5:eMMC_CMD24	0	static
eMMC_hal.c:2826:5:eMMC_CMD23	40	static
eMMC_hal.c:2477:5:eMMC_CMD17_CIFD	48	static
eMMC_hal.c:2340:5:eMMC_CMD17_MIU	64	static
eMMC_hal.c:2331:5:eMMC_CMD17	0	static
eMMC_hal.c:2260:5:eMMC_CMD16	40	static
eMMC_hal.c:2190:5:eMMC_CMD13	40	static
eMMC_hal.c:2107:5:eMMC_CMD38	40	static
eMMC_hal.c:2032:5:eMMC_CMD35_CMD36	40	static
eMMC_hal.c:2010:5:eMMC_EraseCMDSeq	16	static
eMMC_hal.c:1936:5:eMMC_CMD6	40	static
eMMC_hal.c:1908:5:eMMC_ModifyExtCSD	16	static
eMMC_hal.c:1862:5:eMMC_SetBusWidth	8	static
eMMC_hal.c:695:5:eMMC_FCIE_EnableSDRMode	16	static
eMMC_hal.c:628:5:eMMC_FCIE_EnableDDRMode_Ex	16	static
eMMC_hal.c:1832:5:eMMC_SetBusSpeed	8	static
eMMC_hal.c:1741:5:eMMC_CMD8_CIFD	48	static
eMMC_hal.c:1600:5:eMMC_CMD8_MIU	56	static
eMMC_hal.c:1590:5:eMMC_CMD8	0	static
eMMC_hal.c:1502:5:eMMC_ExtCSD_Config	16	static
eMMC_hal.c:1269:5:eMMC_CMD3_CMD7	56	static
eMMC_hal.c:1034:5:eMMC_Identify	24	static
eMMC_hal.c:313:6:eMMC_FCIE_ErrHandler_ReInit	24	static
eMMC_hal.c:2569:5:eMMC_CMD12	24	static
eMMC_hal.c:2917:5:eMMC_CMD25_MIU	72	static
eMMC_hal.c:2900:5:eMMC_CMD25	0	static
eMMC_hal.c:2675:5:eMMC_CMD18_MIU	80	static
eMMC_hal.c:2658:5:eMMC_CMD18	0	static
eMMC_hal.c:575:5:eMMC_LoadDDRTTable	8	static
eMMC_hal.c:647:5:eMMC_FCIE_EnableDDRMode	16	static
