swab.h:112:48:__fswab32	0	static
mmc.c:44:5:__board_mmc_getcd	0	static
mmc.c:138:5:mmc_send_cmd	32	static
mmc.c:205:5:mmc_send_status	48	static
mmc.c:250:5:mmc_set_blocklen	40	static
mmc.c:262:13:find_mmc_device	8	static
mmc.c:332:1:mmc_berase	72	static
mmc.c:419:1:mmc_bwrite	80	static
mmc.c:442:5:mmc_read_blocks	72	static
mmc.c:482:14:mmc_bread	32	static
mmc.c:514:5:mmc_go_idle	40	static
mmc.c:537:1:sd_send_op_cond	56	static
mmc.c:604:5:mmc_send_op_cond	56	static
mmc.c:672:5:mmc_send_ext_csd	56	static
mmc.c:695:5:mmc_switch	0	static
mmc.c:719:5:mmc_change_freq	592	static
mmc.c:765:5:mmc_switch_part	8	static
mmc.c:777:5:mmc_getcd	8	static
mmc.c:789:5:sd_switch	56	static
mmc.c:811:5:sd_change_freq	344	static
mmc.c:952:6:mmc_set_ios	8	static
mmc.c:957:6:mmc_set_clock	0	static
mmc.c:970:6:mmc_set_bus_width	0	static
mmc.c:977:5:mmc_startup	1240	static
mmc.c:1261:5:mmc_send_if_cond	40	static
mmc.c:1285:5:mmc_register	0	static
mmc.c:1305:19:mmc_get_dev	8	static
mmc.c:1313:5:mmc_init	16	static
mmc.c:1371:12:__def_mmc_init	0	static
mmc.c:1380:6:print_mmc_devices	16	static
mmc.c:1397:5:get_mmc_num	0	static
mmc.c:1404:5:mmc_initialize	8	static
mmc.c:1432:5:emmc_initialize	8	static
mmc.c:1455:5:mmc_slc_mode	48	static
mmc.c:1592:5:mmc_ecsd_read	16	static
mmc.c:1609:5:mmc_ecsd_write	24	static
mmc.c:1635:5:mmc_slc_check	24	static
mmc.c:1685:5:mmc_relwr_check	24	static
mmc.c:1729:5:mmc_slc_relwr_check	24	static
mmc.c:1761:5:mmc_get_alignsize	16	static
