hal_card_platform_c3.c:112:6:Hal_CARD_IPOnceSetting	0	static
hal_card_platform_c3.c:142:6:Hal_CARD_IPBeginSetting	0	static
hal_card_platform_c3.c:175:6:Hal_CARD_IPEndSetting	0	static
hal_card_platform_c3.c:201:6:Hal_CARD_InitPADPin	20	static
hal_card_platform_c3.c:325:6:Hal_CARD_SetPADToPortPath	16	static
hal_card_platform_c3.c:377:6:Hal_CARD_PullPADPin	0	static
hal_card_platform_c3.c:471:6:Hal_CARD_SetClock	8	static
hal_card_platform_c3.c:671:7:Hal_CARD_FindClockSetting	216	static
hal_card_platform_c3.c:713:6:Hal_CARD_SetPADPower	0	static
hal_card_platform_c3.c:741:6:Hal_CARD_PowerOn	0	static
hal_card_platform_c3.c:771:6:Hal_CARD_PowerOff	0	static
hal_card_platform_c3.c:803:6:Hal_CARD_SetIOMode	0	static
hal_card_platform_c3.c:820:7:Hal_CARD_GetGPIONum	0	static
hal_card_platform_c3.c:846:6:Hal_CARD_InitGPIO	0	static
hal_card_platform_c3.c:894:8:Hal_CARD_GetGPIOState	0	static
hal_card_platform_c3.c:928:6:Hal_CARD_SetGPIOIntAttr	0	static
hal_card_platform_c3.c:1001:8:Hal_CARD_GPIOIntFilter	0	static
hal_card_platform_c3.c:1026:7:Hal_CARD_TransMIUAddr	0	static
