hal_sdmmc.c:293:13:_REG_ResetIP	16	static
hal_sdmmc.c:261:18:_REG_WaitMIEEvent	32	static
hal_sdmmc.c:132:14:_REG_GetPortSetting	8	static
hal_sdmmc.c:460:21:1	24	static
hal_sdmmc.c:241:18:2	24	static
hal_sdmmc.c:221:18:3	24	static
hal_sdmmc.c:195:18:4	24	static
hal_sdmmc.c:174:18:5	24	static
hal_sdmmc.c:511:6:Hal_SDMMC_SetCmdTokenToCIFC	16	static
hal_sdmmc.c:543:12:Hal_SDMMC_GetRspTokenFromCIFC	8	static
hal_sdmmc.c:582:6:Hal_SDMMC_CIFD_DATA_IO	16	static
hal_sdmmc.c:616:6:Hal_SDMMC_SetDataWidth	0	static
hal_sdmmc.c:631:6:Hal_SDMMC_SetDataSync	0	static
hal_sdmmc.c:649:6:Hal_SDMMC_SetSDIOIntDet	0	static
hal_sdmmc.c:659:6:Hal_SDMMC_SetSDIOClk	0	static
hal_sdmmc.c:678:6:Hal_SDMMC_SetNcrDelay	0	static
hal_sdmmc.c:712:6:Hal_SDMMC_TransCmdSetting	24	static
hal_sdmmc.c:774:14:Hal_SDMMC_SendCmdAndWaitProcess	56	static
hal_sdmmc.c:864:14:Hal_SDMMC_RunBrokenDmaAndWaitProcess	24	static
hal_sdmmc.c:899:8:Hal_SDMMC_WriteProtect	16	static
hal_sdmmc.c:920:8:Hal_SDMMC_CardDetect	16	static
hal_sdmmc.c:930:8:Hal_SDMMC_OtherPreUse	8	static
hal_sdmmc.c:951:6:Hal_SDMMC_ClkCtrl	24	static
hal_sdmmc.c:977:6:Hal_SDMMC_Reset	8	static
hal_sdmmc.c:992:6:Hal_SDMMC_WaitProcessCtrl	0	static
