pnl_hwreg_utility2.h:707:12:RIU_READ_2BYTE	0	static
halpnl.c:76:4:MHal_PNL_SetDbgLevel	0	static
halpnl.c:136:6:MHal_MOD_PVDD_Power_Setting	0	static
halpnl.c:145:4:MHal_PNL_GetDACOut	0	static
halpnl.c:151:6:MHal_PNL_TCON_Init	0	static
halpnl.c:156:6:MHal_Shift_LVDS_Pair	0	static
halpnl.c:169:6:MHal_Output_LVDS_Pair_Setting	16	static
halpnl.c:87:4:2	24	static
halpnl.c:87:4:MHal_MOD_PowerOn	16	static
halpnl.c:212:6:MHal_PQ_Clock_Gen_For_Gamma	0	static
halpnl.c:217:6:MHal_VOP_SetGammaMappingMode	0	static
halpnl.c:231:4:Hal_VOP_Is_GammaMappingMode_enable	0	static
halpnl.c:237:4:Hal_VOP_Is_GammaSupportSignalWrite	0	static
halpnl.c:402:6:Hal_PNL_Set12BitGammaPerChannel	0	static
halpnl.c:444:6:MHal_PNL_Init_LPLL	32	static
halpnl.c:552:4:MHal_PNL_Get_Loop_DIV	0	static
halpnl.c:627:5:MHal_PNL_Get_LPLL_LoopGain	0	static
halpnl.c:669:4:Hal_PNL_SkipTimingChange_GetCaps	0	static
halpnl.c:678:6:MHal_PNL_HWLVDSReservedtoLRFlag	8	static
halpnl.c:714:6:MHal_PNL_OverDriver_Init	16	static
halpnl.c:736:6:MHal_PNL_OverDriver_Enable	0	static
halpnl.c:797:5:_MHal_PNL_MOD_Swing_Refactor_AfterCAL	8	static
halpnl.c:835:4:MHal_PNL_MOD_Control_Out_Swing	24	static
halpnl.c:883:4:MHal_PNL_MOD_Control_Out_PE_Current	12	static
halpnl.c:916:4:MHal_PNL_MOD_Control_Out_TTL_Resistor_OP	24	static
halpnl.c:946:6:MHal_PNL_PreInit	0	static
halpnl.c:951:17:MHal_PNL_Get_Output_MODE	0	static
halpnl.c:958:6:MHal_PNL_SetOutputType	16	static
halpnl.c:1127:6:Mhal_PNL_Flock_LPLLSet	0	static
halpnl.c:1133:6:MHal_PNL_MISC_Control	0	static
halpnl.c:1141:6:MHal_PNL_Init_XC_Clk	0	static
halpnl.c:1158:6:MHal_PNL_Init_MOD	8	static
halpnl.c:1235:6:MHal_PNL_DumpMODReg	8	static
halpnl.c:1247:6:MHal_MOD_Calibration_Init	0	static
halpnl.c:1253:6:MHal_BD_LVDS_Output_Type	0	static
halpnl.c:1266:4:msModCalDDAOUT	0	static
halpnl.c:1273:4:msModCurrentCalibration	56	static
halpnl.c:1494:12:MHal_PNL_MOD_Calibration	0	static
halpnl.c:1529:12:MHal_PNL_En	24	static
halpnl.c:1583:6:MHal_PNL_SetOutputPattern	16	static
halpnl.c:1601:6:MHal_PNL_Switch_LPLL_SubBank	0	static
