board.c:127:12:display_banner	8	static
board.c:121:12:init_baudrate	8	static
board.c:88:13:__coloured_LED_init	0	static
board.c:91:13:__red_led_on	0	static
board.c:93:13:__red_led_off	0	static
board.c:95:13:__green_led_on	0	static
board.c:97:13:__green_led_off	0	static
board.c:99:13:__yellow_led_on	0	static
board.c:101:13:__yellow_led_off	0	static
board.c:103:13:__blue_led_on	0	static
board.c:105:13:__blue_led_off	0	static
board.c:221:6:__dram_init_banksize	0	static
board.c:460:6:board_init_r	8	static
board.c:665:6:hang	8	static
board.c:261:6:board_init_f	8	static
