cmd_nvedit.c:964:12:do_env	24	static
cmd_nvedit.c:662:12:do_env_delete	8	static
cmd_nvedit.c:827:12:do_env_import	48	static
cmd_nvedit.c:652:12:do_env_default	8	static
cmd_nvedit.c:606:5:do_env_save	8	static
cmd_nvedit.c:113:12:env_print	32	static
cmd_nvedit.c:143:5:do_env_print	24	static
cmd_nvedit.c:103:5:get_env_id	0	static
cmd_nvedit.c:206:5:_do_env_set	56	static
cmd_nvedit.c:414:5:do_env_set	0	static
cmd_nvedit.c:374:5:setenv	24	static
cmd_nvedit.c:715:12:do_env_export	88	static
cmd_nvedit.c:391:5:setenv_ulong	8	static
cmd_nvedit.c:406:5:setenv_addr	32	static
cmd_nvedit.c:640:5:envmatch	24	static
cmd_nvedit.c:543:5:getenv_f	32	static
cmd_nvedit.c:519:7:getenv	32	static
cmd_nvedit.c:587:7:getenv_ulong	16	static
