swab.h:112:48:__fswab32	0	static
image.h:377:1:image_get_magic	0	static
image.h:380:1:image_get_size	0	static
image.c:171:5:image_check_hcrc	80	static
image.c:186:5:image_check_dcrc	16	static
image.c:208:7:image_multi_count	0	static
image.c:241:6:image_multi_getimg	32	static
image.c:418:5:getenv_yesno	8	static
image.c:424:7:getenv_bootm_low	8	static
image.c:441:13:getenv_bootm_size	8	static
image.c:463:13:getenv_bootm_mapsize	8	static
image.c:479:6:memmove_wd	0	static
image.c:499:6:genimg_print_size	8	static
image.c:541:7:get_table_entry_name	0	static
image.c:554:13:genimg_get_os_name	0	static
image.c:559:13:genimg_get_arch_name	0	static
image.c:565:13:genimg_get_type_name	0	static
image.c:570:13:genimg_get_comp_name	0	static
image.c:301:6:image_print_contents	40	static
image.c:590:5:get_table_entry_id	16	static
image.c:624:5:genimg_get_os_id	0	static
image.c:629:5:genimg_get_arch_id	0	static
image.c:634:5:genimg_get_type_id	0	static
image.c:639:5:genimg_get_comp_id	0	static
image.c:659:5:genimg_get_format	8	static
image.c:691:7:genimg_get_image	0	static
image.c:763:5:genimg_has_config	0	static
image.c:794:5:boot_get_ramdisk	40	static
image.c:1068:5:boot_ramdisk_high	24	static
