misc.h:36:19:ubifs_zn_dirty	0	static
tnc.c:1842:13:insert_zbranch	28	static
tnc.c:388:13:lnc_free	8	static
tnc.c:583:28:get_znode	0	static
tnc.c:650:12:tnc_prev	16	static
tnc.c:605:12:tnc_next	16	static
tnc.c:75:12:insert_old_idx	24	static
misc.h:210:19:ubifs_add_dirt	16	static
key.h:493:19:8	0	static
tnc.c:1810:13:13	24	static
tnc.c:407:12:tnc_read_node_nm	24	static
tnc.c:1894:12:tnc_insert	56	static
tnc.c:498:12:fallible_read_node	64	static
tnc.c:820:12:fallible_matches_name	24	static
tnc.c:890:12:fallible_resolve_collision	64	static
tnc.c:533:12:matches_name	24	static
tnc.c:702:12:resolve_collision	48	static
tnc.c:265:28:dirty_cow_znode	32	static
tnc.c:1091:28:dirty_cow_bottom_up	32	static
tnc.c:1305:12:lookup_level0_dirty	40	static
tnc.c:116:5:insert_old_idx_znode	0	static
tnc.c:2311:12:tnc_delete	40	static
tnc.c:177:6:destroy_old_idx	16	static
tnc.c:1170:5:ubifs_lookup_level0	40	static
tnc.c:1422:5:ubifs_tnc_locate	64	static
tnc.c:1490:5:ubifs_tnc_get_bu_keys	48	static
tnc.c:1676:5:ubifs_tnc_bulk_read	48	static
tnc.c:1776:5:ubifs_tnc_lookup_nm	40	static
tnc.c:2087:5:ubifs_tnc_add	56	static
tnc.c:2136:5:ubifs_tnc_replace	64	static
tnc.c:2425:5:ubifs_tnc_remove	16	static
tnc.c:2455:5:ubifs_tnc_remove_nm	32	static
tnc.c:2219:5:ubifs_tnc_add_nm	88	static
tnc.c:2525:5:ubifs_tnc_remove_range	56	static
tnc.c:2687:25:ubifs_tnc_next_ent	48	static
tnc.c:2607:5:ubifs_tnc_remove_ino	64	static
