eMMC_prg.c:122:5:eMMC_LoadImages	40	static
eMMC_prg.c:223:5:eMMC_GetID	16	static
eMMC_prg.c:233:5:eMMC_CheckCIS	24	static
eMMC_prg.c:459:5:eMMC_FATAutoSize	48	static
eMMC_prg.c:358:5:eMMC_ReadCIS	16	static
eMMC_prg.c:896:5:eMMC_GetDevInfo	16	static
eMMC_prg.c:1352:6:eMMC_DumpDriverStatus	8	static
eMMC_prg.c:1436:5:eMMC_GetExtCSD	0	static
eMMC_prg.c:1441:5:eMMC_SetExtCSD	0	static
eMMC_prg.c:1706:5:eMMC_Init_Device	16	static
eMMC_prg.c:1808:5:eMMC_CheckIfReady	16	static
eMMC_prg.c:508:12:eMMC_ReadPartitionInfo_Ex	24	static
eMMC_prg.c:688:12:eMMC_GetPartitionIndex	24	static
eMMC_prg.c:405:5:eMMC_DumpPartitionInfo	32	static
eMMC_prg.c:1417:5:eMMC_Init	8	static
eMMC_prg.c:1483:5:eMMC_mmc_Init	32	static
eMMC_prg.c:1595:5:board_emmc_init	8	static
eMMC_prg.c:734:5:eMMC_GetPartitionCapacity	24	static
eMMC_prg.c:563:5:eMMC_ReadPartitionInfo	24	static
eMMC_prg.c:1816:6:eMMC_ResetReadyFlag	0	static
eMMC_prg.c:1936:5:eMMC_WriteData	40	static
eMMC_prg.c:1825:5:eMMC_EraseBlock	32	static
eMMC_prg.c:1472:14:eMMC_berase	8	static
eMMC_prg.c:1062:5:eMMC_EraseAll	16	static
eMMC_prg.c:1001:5:eMMC_EraseAllPartitions	24	static
eMMC_prg.c:936:5:eMMC_ErasePartition	32	static
eMMC_prg.c:1457:14:eMMC_bwrite	8	static
eMMC_prg.c:1187:5:eMMC_WriteBootPart	32	static
eMMC_prg.c:1075:5:eMMC_EraseBootPart	32	static
eMMC_prg.c:821:5:eMMC_WritePartition	48	static
eMMC_prg.c:2003:5:eMMC_ReadData	40	static
eMMC_prg.c:1445:14:eMMC_bread	8	static
eMMC_prg.c:1298:5:eMMC_ReadBootPart	24	static
eMMC_prg.c:763:5:eMMC_ReadPartition	40	static
eMMC_prg.c:2107:5:eMMC_SearchDevNodeStartSector	24	static
eMMC_prg.c:273:5:eMMC_WriteCIS	16	static
eMMC_prg.c:2141:12:Write_EMMC_CIS	0	static
eMMC_prg.c:2146:5:get_NVRAM_start_sector	24	static
eMMC_prg.c:2165:5:get_NVRAM_max_part_count	0	static
eMMC_prg.c:2176:5:mmc_get_env_addr	0	static
