eMMC_platform.c:34:5:eMMC_hw_timer_delay	8	static
eMMC_platform.c:60:5:eMMC_hw_timer_start	0	static
eMMC_platform.c:65:5:eMMC_hw_timer_tick	0	static
eMMC_platform.c:75:6:eMMC_DumpPadClk	0	static
eMMC_platform.c:117:5:eMMC_pads_switch	8	static
eMMC_platform.c:176:5:eMMC_clock_setting	16	static
eMMC_platform.c:247:5:eMMCTest_BlkWRC_ProbeDDR	32	static
eMMC_platform.c:375:5:eMMC_FCIE_DetectDDRTiming	72	static
eMMC_platform.c:513:5:eMMC_FCIE_BuildDDRTimingTable	32	static
eMMC_platform.c:723:6:eMMC_set_WatchDog	0	static
eMMC_platform.c:728:6:eMMC_reset_WatchDog	0	static
eMMC_platform.c:737:5:eMMC_translate_DMA_address_Ex	8	static
eMMC_platform.c:781:5:eMMC_PlatformResetPre	0	static
eMMC_platform.c:787:5:eMMC_PlatformResetPost	0	static
eMMC_platform.c:793:5:eMMC_PlatformInit	8	static
eMMC_platform.c:802:5:eMMC_BootPartitionHandler_WR	24	static
eMMC_platform.c:836:5:eMMC_BootPartitionHandler_E	16	static
eMMC_platform.c:878:5:eMMC_CheckIfMemCorrupt	0	static
