isp.c:179:13:_MDrv_SerFlash_WaitWriteCmdRdy	0	static
isp.c:266:13:_MDrv_SerFlash_WaitWriteDataRdy	0	static
isp.c:521:16:__MDrv_BusyWaitBit	0	static
isp.c:540:16:_MDrv_BusyWaitWriteCmdReady	0	static
isp.c:545:16:_MDrv_BusyWaitReadDataReady	0	static
isp.c:704:16:_MDrv_BusyWaitWriteCompletion	32	static
isp.c:550:16:3	0	static
isp.c:201:13:_MDrv_SerFlash_WaitWriteDone	8	static
isp.c:128:15:DumpBuff	16	static
isp.c:151:6:MDrv_SerFlash_Init	0	static
isp.c:284:6:MDrv_SerFlash_Write	32	static
isp.c:405:6:MDrv_SpiSelectClock	0	static
isp.c:418:6:MDrv_InitialSPIFlash	16	static
isp.c:430:6:MDrv_SPI_CE	0	static
isp.c:482:6:MDrv_SPI_CE_Disable	0	static
isp.c:561:4:GetRDSR	16	static
isp.c:596:9:MDrv_ProtectSpiFlash	16	static
isp.c:631:6:HW_WP_Status	8	static
isp.c:648:6:DisableWP	8	static
isp.c:681:6:EnableWP	8	static
isp.c:744:9:MDrv_SpiFlash_TriggerMode_WriteEnable	16	static
isp.c:778:9:MDrv_BlockEraseSpiFlash	16	static
isp.c:847:9:MDrv_BulkEraseSpiFlash	8	static
isp.c:904:6:MDrv_ShowChipName	16	static
isp.c:1003:9:MDrv_SpiFlash_NormalMode_Read	40	static
isp.c:1166:4:MDrv_SpiFlash_TriggerMode_BlockErase	48	static
isp.c:1301:4:MDrv_SpiFlash_TriggerMode_BulkErase	40	static
isp.c:1428:6:MDrv_SerFlash_WriteSST	24	static
isp.c:1489:9:MDrv_SpiFlash_TriggerMode_ReadID	32	static
isp.c:1662:6:BlockEraseFlash	8	static
isp.c:1668:6:EraseFlash	8	static
isp.c:1674:6:BlankFlash	0	static
isp.c:1680:6:ProgramRomCode	0	static
isp.c:1692:6:VerifyProgram	16	static
isp.c:1726:6:do_BurnCode	24	static
isp.c:2172:6:do_devinfo	24	static
isp.c:1814:6:do_BurnUI	16	static
isp.c:1843:6:do_BurnRtk	16	static
isp.c:1857:6:do_EraseUboot	8	static
isp.c:1885:6:do_EraseRtkbin	8	static
isp.c:1927:6:do_BurnUboot	8	static
isp.c:1955:6:do_BurnRomDevCode	8	static
isp.c:1999:6:do_BurnRomCode	8	static
isp.c:2026:6:do_BurnDevInfo	16	static
isp.c:2066:5:do_nor	16	static
